[INFO] Scanning for projects...
[INFO] 
[INFO] -----------------< com.sparta.tdd:coffee-order-system >-----------------
[INFO] Building coffee-order-system 0.0.1-SNAPSHOT
[INFO]   from pom.xml
[INFO] --------------------------------[ jar ]---------------------------------
[INFO] 
[INFO] --- clean:3.3.2:clean (default-clean) @ coffee-order-system ---
[INFO] Deleting D:\eodnjsdl\sparta99\TDD\workspace\coffee-order-system\target
[INFO] 
[INFO] --- resources:3.3.1:resources (default-resources) @ coffee-order-system ---
[INFO] Copying 2 resources from src\main\resources to target\classes
[INFO] Copying 0 resource from src\main\resources to target\classes
[INFO] 
[INFO] --- compiler:3.13.0:compile (default-compile) @ coffee-order-system ---
[INFO] Recompiling the module because of changed source code.
[INFO] Compiling 25 source files with javac [debug parameters release 17] to target\classes
[INFO] 
[INFO] --- resources:3.3.1:testResources (default-testResources) @ coffee-order-system ---
[INFO] Copying 0 resource from src\test\resources to target\test-classes
[INFO] 
[INFO] --- compiler:3.13.0:testCompile (default-testCompile) @ coffee-order-system ---
[INFO] Recompiling the module because of changed dependency.
[INFO] Compiling 7 source files with javac [debug parameters release 17] to target\test-classes
[INFO] 
[INFO] --- surefire:3.2.5:test (default-test) @ coffee-order-system ---
[INFO] Using auto detected provider org.apache.maven.surefire.junitplatform.JUnitPlatformProvider
[INFO] 
[INFO] -------------------------------------------------------
[INFO]  T E S T S
[INFO] -------------------------------------------------------
[INFO] Running com.sparta.tdd.CoffeeOrderSystemApplicationTests
16:33:08.282 [main] INFO org.springframework.test.context.support.AnnotationConfigContextLoaderUtils -- Could not detect default configuration classes for test class [com.sparta.tdd.CoffeeOrderSystemApplicationTests]: CoffeeOrderSystemApplicationTests does not declare any static, non-private, non-final, nested classes annotated with @Configuration.
16:33:08.397 [main] INFO org.springframework.boot.test.context.SpringBootTestContextBootstrapper -- Found @SpringBootConfiguration com.sparta.tdd.CoffeeOrderSystemApplication for test class com.sparta.tdd.CoffeeOrderSystemApplicationTests
16:33:08.532 [main] INFO org.springframework.boot.devtools.restart.RestartApplicationListener -- Restart disabled due to context in which it is running

  .   ____          _            __ _ _
 /\\ / ___'_ __ _ _(_)_ __  __ _ \ \ \ \
( ( )\___ | '_ | '_| | '_ \/ _` | \ \ \ \
 \\/  ___)| |_)| | | | | || (_| |  ) ) ) )
  '  |____| .__|_| |_|_| |_\__, | / / / /
 =========|_|==============|___/=/_/_/_/

 :: Spring Boot ::               (v3.3.13)

2025-06-22T16:33:08.769+09:00  INFO 27628 --- [cofee-order-system] [           main] c.s.t.CoffeeOrderSystemApplicationTests  : Starting CoffeeOrderSystemApplicationTests using Java 17.0.12 with PID 27628 (started by eodnjsdl in D:\eodnjsdl\sparta99\TDD\workspace\coffee-order-system)
2025-06-22T16:33:08.770+09:00  INFO 27628 --- [cofee-order-system] [           main] c.s.t.CoffeeOrderSystemApplicationTests  : No active profile set, falling back to 1 default profile: "default"
2025-06-22T16:33:09.559+09:00  INFO 27628 --- [cofee-order-system] [           main] .s.d.r.c.RepositoryConfigurationDelegate : Bootstrapping Spring Data JPA repositories in DEFAULT mode.
2025-06-22T16:33:09.633+09:00  INFO 27628 --- [cofee-order-system] [           main] .s.d.r.c.RepositoryConfigurationDelegate : Finished Spring Data repository scanning in 67 ms. Found 3 JPA repository interfaces.
2025-06-22T16:33:10.042+09:00  INFO 27628 --- [cofee-order-system] [           main] com.zaxxer.hikari.HikariDataSource       : HikariPool-1 - Starting...
2025-06-22T16:33:10.199+09:00  INFO 27628 --- [cofee-order-system] [           main] com.zaxxer.hikari.pool.HikariPool        : HikariPool-1 - Added connection conn0: url=jdbc:h2:mem:400dbf28-d066-45e7-9f78-a49e01a385ee user=SA
2025-06-22T16:33:10.200+09:00  INFO 27628 --- [cofee-order-system] [           main] com.zaxxer.hikari.HikariDataSource       : HikariPool-1 - Start completed.
2025-06-22T16:33:10.257+09:00  INFO 27628 --- [cofee-order-system] [           main] o.hibernate.jpa.internal.util.LogHelper  : HHH000204: Processing PersistenceUnitInfo [name: default]
2025-06-22T16:33:10.296+09:00  INFO 27628 --- [cofee-order-system] [           main] org.hibernate.Version                    : HHH000412: Hibernate ORM core version 6.5.3.Final
2025-06-22T16:33:10.345+09:00  INFO 27628 --- [cofee-order-system] [           main] o.h.c.internal.RegionFactoryInitiator    : HHH000026: Second-level cache disabled
2025-06-22T16:33:10.680+09:00  INFO 27628 --- [cofee-order-system] [           main] o.s.o.j.p.SpringPersistenceUnitInfo      : No LoadTimeWeaver setup: ignoring JPA class transformer
2025-06-22T16:33:11.462+09:00  INFO 27628 --- [cofee-order-system] [           main] o.h.e.t.j.p.i.JtaPlatformInitiator       : HHH000489: No JTA platform available (set 'hibernate.transaction.jta.platform' to enable JTA platform integration)
2025-06-22T16:33:11.491+09:00  INFO 27628 --- [cofee-order-system] [           main] j.LocalContainerEntityManagerFactoryBean : Initialized JPA EntityManagerFactory for persistence unit 'default'
2025-06-22T16:33:11.756+09:00  INFO 27628 --- [cofee-order-system] [           main] o.s.d.j.r.query.QueryEnhancerFactory     : Hibernate is in classpath; If applicable, HQL parser will be used.
2025-06-22T16:33:12.420+09:00  WARN 27628 --- [cofee-order-system] [           main] JpaBaseConfiguration$JpaWebConfiguration : spring.jpa.open-in-view is enabled by default. Therefore, database queries may be performed during view rendering. Explicitly configure spring.jpa.open-in-view to disable this warning
2025-06-22T16:33:12.463+09:00  INFO 27628 --- [cofee-order-system] [           main] o.s.v.b.OptionalValidatorFactoryBean     : Failed to set up a Bean Validation provider: jakarta.validation.NoProviderFoundException: Unable to create a Configuration, because no Jakarta Bean Validation provider could be found. Add a provider like Hibernate Validator (RI) to your classpath.
2025-06-22T16:33:12.813+09:00  INFO 27628 --- [cofee-order-system] [           main] c.s.t.CoffeeOrderSystemApplicationTests  : Started CoffeeOrderSystemApplicationTests in 4.291 seconds (process running for 5.165)
.\mvnw.cmd : Java HotSpot(TM) 64-Bit Server VM warning: Sharing is only supported for boot loader classes because boots
trap classpath has been appended
위치 줄:1 문자:1
+ .\mvnw.cmd clean test > test_output.log 2>&1
+ ~~~~~~~~~~~~~~~~~~~~~~~~~~~~~~~~~~~~~~~~~~~~
    + CategoryInfo          : NotSpecified: (Java HotSpot(TM...s been appended:String) [], RemoteException
    + FullyQualifiedErrorId : NativeCommandError
 
[INFO] Tests run: 1, Failures: 0, Errors: 0, Skipped: 0, Time elapsed: 5.075 s -- in com.sparta.tdd.CoffeeOrderSystemApplicationTests
[INFO] Running com.sparta.tdd.test.coffeeshop.controller.MenuControllerTest
2025-06-22T16:33:13.240+09:00  INFO 27628 --- [cofee-order-system] [           main] t.c.s.AnnotationConfigContextLoaderUtils : Could not detect default configuration classes for test class [com.sparta.tdd.test.coffeeshop.controller.MenuControllerTest]: MenuControllerTest does not declare any static, non-private, non-final, nested classes annotated with @Configuration.
2025-06-22T16:33:13.270+09:00  INFO 27628 --- [cofee-order-system] [           main] .b.t.c.SpringBootTestContextBootstrapper : Found @SpringBootConfiguration com.sparta.tdd.CoffeeOrderSystemApplication for test class com.sparta.tdd.test.coffeeshop.controller.MenuControllerTest
2025-06-22T16:33:13.273+09:00  INFO 27628 --- [cofee-order-system] [           main] o.s.b.d.r.RestartApplicationListener     : Restart disabled due to context in which it is running

  .   ____          _            __ _ _
 /\\ / ___'_ __ _ _(_)_ __  __ _ \ \ \ \
( ( )\___ | '_ | '_| | '_ \/ _` | \ \ \ \
 \\/  ___)| |_)| | | | | || (_| |  ) ) ) )
  '  |____| .__|_| |_|_| |_\__, | / / / /
 =========|_|==============|___/=/_/_/_/

 :: Spring Boot ::               (v3.3.13)

2025-06-22T16:33:13.302+09:00  INFO 27628 --- [cofee-order-system] [           main] c.s.t.t.c.controller.MenuControllerTest  : Starting MenuControllerTest using Java 17.0.12 with PID 27628 (started by eodnjsdl in D:\eodnjsdl\sparta99\TDD\workspace\coffee-order-system)
2025-06-22T16:33:13.303+09:00  INFO 27628 --- [cofee-order-system] [           main] c.s.t.t.c.controller.MenuControllerTest  : The following 1 profile is active: "test"
2025-06-22T16:33:13.481+09:00  INFO 27628 --- [cofee-order-system] [           main] .s.d.r.c.RepositoryConfigurationDelegate : Bootstrapping Spring Data JPA repositories in DEFAULT mode.
2025-06-22T16:33:13.500+09:00  INFO 27628 --- [cofee-order-system] [           main] .s.d.r.c.RepositoryConfigurationDelegate : Finished Spring Data repository scanning in 18 ms. Found 3 JPA repository interfaces.
2025-06-22T16:33:13.565+09:00  INFO 27628 --- [cofee-order-system] [           main] o.hibernate.jpa.internal.util.LogHelper  : HHH000204: Processing PersistenceUnitInfo [name: default]
2025-06-22T16:33:13.568+09:00  INFO 27628 --- [cofee-order-system] [           main] o.h.c.internal.RegionFactoryInitiator    : HHH000026: Second-level cache disabled
2025-06-22T16:33:13.577+09:00  INFO 27628 --- [cofee-order-system] [           main] o.s.o.j.p.SpringPersistenceUnitInfo      : No LoadTimeWeaver setup: ignoring JPA class transformer
2025-06-22T16:33:13.577+09:00  INFO 27628 --- [cofee-order-system] [           main] com.zaxxer.hikari.HikariDataSource       : HikariPool-2 - Starting...
2025-06-22T16:33:13.579+09:00  INFO 27628 --- [cofee-order-system] [           main] com.zaxxer.hikari.pool.HikariPool        : HikariPool-2 - Added connection conn10: url=jdbc:h2:mem:testdb_tdd user=SA
2025-06-22T16:33:13.579+09:00  INFO 27628 --- [cofee-order-system] [           main] com.zaxxer.hikari.HikariDataSource       : HikariPool-2 - Start completed.
2025-06-22T16:33:13.582+09:00  WARN 27628 --- [cofee-order-system] [           main] org.hibernate.orm.deprecation            : HHH90000025: H2Dialect does not need to be specified explicitly using 'hibernate.dialect' (remove the property setting and it will be selected by default)
2025-06-22T16:33:13.630+09:00  INFO 27628 --- [cofee-order-system] [           main] o.h.e.t.j.p.i.JtaPlatformInitiator       : HHH000489: No JTA platform available (set 'hibernate.transaction.jta.platform' to enable JTA platform integration)
2025-06-22T16:33:13.631+09:00 DEBUG 27628 --- [cofee-order-system] [           main] org.hibernate.SQL                        : 
    drop table if exists menu cascade 
Hibernate: 
    drop table if exists menu cascade 
2025-06-22T16:33:13.632+09:00 DEBUG 27628 --- [cofee-order-system] [           main] org.hibernate.SQL                        : 
    drop table if exists orders cascade 
Hibernate: 
    drop table if exists orders cascade 
2025-06-22T16:33:13.632+09:00 DEBUG 27628 --- [cofee-order-system] [           main] org.hibernate.SQL                        : 
    drop table if exists users cascade 
Hibernate: 
    drop table if exists users cascade 
2025-06-22T16:33:13.632+09:00 DEBUG 27628 --- [cofee-order-system] [           main] org.hibernate.SQL                        : 
    create table menu (
        price integer not null,
        id bigint generated by default as identity,
        name varchar(255),
        primary key (id)
    )
Hibernate: 
    create table menu (
        price integer not null,
        id bigint generated by default as identity,
        name varchar(255),
        primary key (id)
    )
2025-06-22T16:33:13.633+09:00 DEBUG 27628 --- [cofee-order-system] [           main] org.hibernate.SQL                        : 
    create table orders (
        quantity integer not null,
        status tinyint not null check (status between 0 and 3),
        menu_id bigint not null,
        order_date timestamp(6) not null,
        total_price bigint not null,
        order_id varchar(255) not null,
        user_id varchar(255) not null,
        primary key (order_id)
    )
Hibernate: 
    create table orders (
        quantity integer not null,
        status tinyint not null check (status between 0 and 3),
        menu_id bigint not null,
        order_date timestamp(6) not null,
        total_price bigint not null,
        order_id varchar(255) not null,
        user_id varchar(255) not null,
        primary key (order_id)
    )
2025-06-22T16:33:13.634+09:00 DEBUG 27628 --- [cofee-order-system] [           main] org.hibernate.SQL                        : 
    create table users (
        point bigint not null,
        version bigint,
        user_id varchar(255) not null,
        username varchar(255),
        primary key (user_id)
    )
Hibernate: 
    create table users (
        point bigint not null,
        version bigint,
        user_id varchar(255) not null,
        username varchar(255),
        primary key (user_id)
    )
2025-06-22T16:33:13.635+09:00  INFO 27628 --- [cofee-order-system] [           main] j.LocalContainerEntityManagerFactoryBean : Initialized JPA EntityManagerFactory for persistence unit 'default'
2025-06-22T16:33:13.713+09:00  WARN 27628 --- [cofee-order-system] [           main] JpaBaseConfiguration$JpaWebConfiguration : spring.jpa.open-in-view is enabled by default. Therefore, database queries may be performed during view rendering. Explicitly configure spring.jpa.open-in-view to disable this warning
2025-06-22T16:33:13.724+09:00  INFO 27628 --- [cofee-order-system] [           main] o.s.v.b.OptionalValidatorFactoryBean     : Failed to set up a Bean Validation provider: jakarta.validation.NoProviderFoundException: Unable to create a Configuration, because no Jakarta Bean Validation provider could be found. Add a provider like Hibernate Validator (RI) to your classpath.
2025-06-22T16:33:13.826+09:00  INFO 27628 --- [cofee-order-system] [           main] o.s.b.t.m.w.SpringBootMockServletContext : Initializing Spring TestDispatcherServlet ''
2025-06-22T16:33:13.826+09:00  INFO 27628 --- [cofee-order-system] [           main] o.s.t.web.servlet.TestDispatcherServlet  : Initializing Servlet ''
2025-06-22T16:33:13.828+09:00  INFO 27628 --- [cofee-order-system] [           main] o.s.t.web.servlet.TestDispatcherServlet  : Completed initialization in 0 ms
2025-06-22T16:33:13.836+09:00  INFO 27628 --- [cofee-order-system] [           main] c.s.t.t.c.controller.MenuControllerTest  : Started MenuControllerTest in 0.563 seconds (process running for 6.188)
2025-06-22T16:33:13.926+09:00 DEBUG 27628 --- [cofee-order-system] [           main] org.hibernate.SQL                        : 
    select
        o1_0.order_id,
        o1_0.menu_id,
        o1_0.order_date,
        o1_0.quantity,
        o1_0.status,
        o1_0.total_price,
        o1_0.user_id 
    from
        orders o1_0
Hibernate: 
    select
        o1_0.order_id,
        o1_0.menu_id,
        o1_0.order_date,
        o1_0.quantity,
        o1_0.status,
        o1_0.total_price,
        o1_0.user_id 
    from
        orders o1_0
2025-06-22T16:33:13.950+09:00 DEBUG 27628 --- [cofee-order-system] [           main] org.hibernate.SQL                        : 
    select
        m1_0.id,
        m1_0.name,
        m1_0.price 
    from
        menu m1_0
Hibernate: 
    select
        m1_0.id,
        m1_0.name,
        m1_0.price 
    from
        menu m1_0
2025-06-22T16:33:13.966+09:00 DEBUG 27628 --- [cofee-order-system] [           main] org.hibernate.SQL                        : 
    insert 
    into
        menu
        (name, price, id) 
    values
        (?, ?, default)
Hibernate: 
    insert 
    into
        menu
        (name, price, id) 
    values
        (?, ?, default)
2025-06-22T16:33:13.983+09:00 DEBUG 27628 --- [cofee-order-system] [           main] org.hibernate.SQL                        : 
    insert 
    into
        menu
        (name, price, id) 
    values
        (?, ?, default)
Hibernate: 
    insert 
    into
        menu
        (name, price, id) 
    values
        (?, ?, default)
2025-06-22T16:33:13.984+09:00 DEBUG 27628 --- [cofee-order-system] [           main] org.hibernate.SQL                        : 
    insert 
    into
        menu
        (name, price, id) 
    values
        (?, ?, default)
Hibernate: 
    insert 
    into
        menu
        (name, price, id) 
    values
        (?, ?, default)
2025-06-22T16:33:13.985+09:00 DEBUG 27628 --- [cofee-order-system] [           main] org.hibernate.SQL                        : 
    insert 
    into
        menu
        (name, price, id) 
    values
        (?, ?, default)
Hibernate: 
    insert 
    into
        menu
        (name, price, id) 
    values
        (?, ?, default)
2025-06-22T16:33:13.986+09:00 DEBUG 27628 --- [cofee-order-system] [           main] org.hibernate.SQL                        : 
    insert 
    into
        menu
        (name, price, id) 
    values
        (?, ?, default)
Hibernate: 
    insert 
    into
        menu
        (name, price, id) 
    values
        (?, ?, default)
2025-06-22T16:33:13.986+09:00 DEBUG 27628 --- [cofee-order-system] [           main] org.hibernate.SQL                        : 
    insert 
    into
        menu
        (name, price, id) 
    values
        (?, ?, default)
Hibernate: 
    insert 
    into
        menu
        (name, price, id) 
    values
        (?, ?, default)
2025-06-22T16:33:13.994+09:00 DEBUG 27628 --- [cofee-order-system] [           main] org.hibernate.SQL                        : 
    select
        o1_0.order_id,
        o1_0.menu_id,
        o1_0.order_date,
        o1_0.quantity,
        o1_0.status,
        o1_0.total_price,
        o1_0.user_id 
    from
        orders o1_0
Hibernate: 
    select
        o1_0.order_id,
        o1_0.menu_id,
        o1_0.order_date,
        o1_0.quantity,
        o1_0.status,
        o1_0.total_price,
        o1_0.user_id 
    from
        orders o1_0
2025-06-22T16:33:14.064+09:00 DEBUG 27628 --- [cofee-order-system] [           main] org.hibernate.SQL                        : 
    select
        o1_0.menu_id,
        m1_0.name,
        m1_0.price,
        count(o1_0.menu_id) 
    from
        orders o1_0 
    join
        menu m1_0 
            on o1_0.menu_id=m1_0.id 
    where
        o1_0.order_date>=? 
    group by
        o1_0.menu_id,
        m1_0.name,
        m1_0.price 
    order by
        count(o1_0.menu_id) desc,
        o1_0.menu_id,
        4 desc 
    fetch
        first ? rows only
Hibernate: 
    select
        o1_0.menu_id,
        m1_0.name,
        m1_0.price,
        count(o1_0.menu_id) 
    from
        orders o1_0 
    join
        menu m1_0 
            on o1_0.menu_id=m1_0.id 
    where
        o1_0.order_date>=? 
    group by
        o1_0.menu_id,
        m1_0.name,
        m1_0.price 
    order by
        count(o1_0.menu_id) desc,
        o1_0.menu_id,
        4 desc 
    fetch
        first ? rows only
2025-06-22T16:33:14.147+09:00 DEBUG 27628 --- [cofee-order-system] [           main] org.hibernate.SQL                        : 
    select
        o1_0.order_id,
        o1_0.menu_id,
        o1_0.order_date,
        o1_0.quantity,
        o1_0.status,
        o1_0.total_price,
        o1_0.user_id 
    from
        orders o1_0
Hibernate: 
    select
        o1_0.order_id,
        o1_0.menu_id,
        o1_0.order_date,
        o1_0.quantity,
        o1_0.status,
        o1_0.total_price,
        o1_0.user_id 
    from
        orders o1_0
2025-06-22T16:33:14.149+09:00 DEBUG 27628 --- [cofee-order-system] [           main] org.hibernate.SQL                        : 
    select
        m1_0.id,
        m1_0.name,
        m1_0.price 
    from
        menu m1_0
Hibernate: 
    select
        m1_0.id,
        m1_0.name,
        m1_0.price 
    from
        menu m1_0
2025-06-22T16:33:14.150+09:00 DEBUG 27628 --- [cofee-order-system] [           main] org.hibernate.SQL                        : 
    insert 
    into
        menu
        (name, price, id) 
    values
        (?, ?, default)
Hibernate: 
    insert 
    into
        menu
        (name, price, id) 
    values
        (?, ?, default)
2025-06-22T16:33:14.150+09:00 DEBUG 27628 --- [cofee-order-system] [           main] org.hibernate.SQL                        : 
    insert 
    into
        menu
        (name, price, id) 
    values
        (?, ?, default)
Hibernate: 
    insert 
    into
        menu
        (name, price, id) 
    values
        (?, ?, default)
2025-06-22T16:33:14.152+09:00 DEBUG 27628 --- [cofee-order-system] [           main] org.hibernate.SQL                        : 
    insert 
    into
        menu
        (name, price, id) 
    values
        (?, ?, default)
Hibernate: 
    insert 
    into
        menu
        (name, price, id) 
    values
        (?, ?, default)
2025-06-22T16:33:14.152+09:00 DEBUG 27628 --- [cofee-order-system] [           main] org.hibernate.SQL                        : 
    insert 
    into
        menu
        (name, price, id) 
    values
        (?, ?, default)
Hibernate: 
    insert 
    into
        menu
        (name, price, id) 
    values
        (?, ?, default)
2025-06-22T16:33:14.153+09:00 DEBUG 27628 --- [cofee-order-system] [           main] org.hibernate.SQL                        : 
    insert 
    into
        menu
        (name, price, id) 
    values
        (?, ?, default)
Hibernate: 
    insert 
    into
        menu
        (name, price, id) 
    values
        (?, ?, default)
2025-06-22T16:33:14.153+09:00 DEBUG 27628 --- [cofee-order-system] [           main] org.hibernate.SQL                        : 
    insert 
    into
        menu
        (name, price, id) 
    values
        (?, ?, default)
Hibernate: 
    insert 
    into
        menu
        (name, price, id) 
    values
        (?, ?, default)
2025-06-22T16:33:14.160+09:00 DEBUG 27628 --- [cofee-order-system] [           main] org.hibernate.SQL                        : 
    select
        m1_0.id,
        m1_0.name,
        m1_0.price 
    from
        menu m1_0 
    order by
        m1_0.id
Hibernate: 
    select
        m1_0.id,
        m1_0.name,
        m1_0.price 
    from
        menu m1_0 
    order by
        m1_0.id
2025-06-22T16:33:14.197+09:00 DEBUG 27628 --- [cofee-order-system] [           main] org.hibernate.SQL                        : 
    select
        o1_0.order_id,
        o1_0.menu_id,
        o1_0.order_date,
        o1_0.quantity,
        o1_0.status,
        o1_0.total_price,
        o1_0.user_id 
    from
        orders o1_0
Hibernate: 
    select
        o1_0.order_id,
        o1_0.menu_id,
        o1_0.order_date,
        o1_0.quantity,
        o1_0.status,
        o1_0.total_price,
        o1_0.user_id 
    from
        orders o1_0
2025-06-22T16:33:14.199+09:00 DEBUG 27628 --- [cofee-order-system] [           main] org.hibernate.SQL                        : 
    select
        m1_0.id,
        m1_0.name,
        m1_0.price 
    from
        menu m1_0
Hibernate: 
    select
        m1_0.id,
        m1_0.name,
        m1_0.price 
    from
        menu m1_0
2025-06-22T16:33:14.199+09:00 DEBUG 27628 --- [cofee-order-system] [           main] org.hibernate.SQL                        : 
    insert 
    into
        menu
        (name, price, id) 
    values
        (?, ?, default)
Hibernate: 
    insert 
    into
        menu
        (name, price, id) 
    values
        (?, ?, default)
2025-06-22T16:33:14.200+09:00 DEBUG 27628 --- [cofee-order-system] [           main] org.hibernate.SQL                        : 
    insert 
    into
        menu
        (name, price, id) 
    values
        (?, ?, default)
Hibernate: 
    insert 
    into
        menu
        (name, price, id) 
    values
        (?, ?, default)
2025-06-22T16:33:14.203+09:00 DEBUG 27628 --- [cofee-order-system] [           main] org.hibernate.SQL                        : 
    insert 
    into
        menu
        (name, price, id) 
    values
        (?, ?, default)
Hibernate: 
    insert 
    into
        menu
        (name, price, id) 
    values
        (?, ?, default)
2025-06-22T16:33:14.205+09:00 DEBUG 27628 --- [cofee-order-system] [           main] org.hibernate.SQL                        : 
    insert 
    into
        menu
        (name, price, id) 
    values
        (?, ?, default)
Hibernate: 
    insert 
    into
        menu
        (name, price, id) 
    values
        (?, ?, default)
2025-06-22T16:33:14.206+09:00 DEBUG 27628 --- [cofee-order-system] [           main] org.hibernate.SQL                        : 
    insert 
    into
        menu
        (name, price, id) 
    values
        (?, ?, default)
Hibernate: 
    insert 
    into
        menu
        (name, price, id) 
    values
        (?, ?, default)
2025-06-22T16:33:14.206+09:00 DEBUG 27628 --- [cofee-order-system] [           main] org.hibernate.SQL                        : 
    insert 
    into
        menu
        (name, price, id) 
    values
        (?, ?, default)
Hibernate: 
    insert 
    into
        menu
        (name, price, id) 
    values
        (?, ?, default)
2025-06-22T16:33:14.218+09:00 DEBUG 27628 --- [cofee-order-system] [           main] org.hibernate.SQL                        : 
    insert 
    into
        orders
        (menu_id, order_date, quantity, status, total_price, user_id, order_id) 
    values
        (?, ?, ?, ?, ?, ?, ?)
Hibernate: 
    insert 
    into
        orders
        (menu_id, order_date, quantity, status, total_price, user_id, order_id) 
    values
        (?, ?, ?, ?, ?, ?, ?)
2025-06-22T16:33:14.219+09:00 DEBUG 27628 --- [cofee-order-system] [           main] org.hibernate.SQL                        : 
    insert 
    into
        orders
        (menu_id, order_date, quantity, status, total_price, user_id, order_id) 
    values
        (?, ?, ?, ?, ?, ?, ?)
Hibernate: 
    insert 
    into
        orders
        (menu_id, order_date, quantity, status, total_price, user_id, order_id) 
    values
        (?, ?, ?, ?, ?, ?, ?)
2025-06-22T16:33:14.220+09:00 DEBUG 27628 --- [cofee-order-system] [           main] org.hibernate.SQL                        : 
    insert 
    into
        orders
        (menu_id, order_date, quantity, status, total_price, user_id, order_id) 
    values
        (?, ?, ?, ?, ?, ?, ?)
Hibernate: 
    insert 
    into
        orders
        (menu_id, order_date, quantity, status, total_price, user_id, order_id) 
    values
        (?, ?, ?, ?, ?, ?, ?)
2025-06-22T16:33:14.220+09:00 DEBUG 27628 --- [cofee-order-system] [           main] org.hibernate.SQL                        : 
    insert 
    into
        orders
        (menu_id, order_date, quantity, status, total_price, user_id, order_id) 
    values
        (?, ?, ?, ?, ?, ?, ?)
Hibernate: 
    insert 
    into
        orders
        (menu_id, order_date, quantity, status, total_price, user_id, order_id) 
    values
        (?, ?, ?, ?, ?, ?, ?)
2025-06-22T16:33:14.221+09:00 DEBUG 27628 --- [cofee-order-system] [           main] org.hibernate.SQL                        : 
    insert 
    into
        orders
        (menu_id, order_date, quantity, status, total_price, user_id, order_id) 
    values
        (?, ?, ?, ?, ?, ?, ?)
Hibernate: 
    insert 
    into
        orders
        (menu_id, order_date, quantity, status, total_price, user_id, order_id) 
    values
        (?, ?, ?, ?, ?, ?, ?)
2025-06-22T16:33:14.221+09:00 DEBUG 27628 --- [cofee-order-system] [           main] org.hibernate.SQL                        : 
    insert 
    into
        orders
        (menu_id, order_date, quantity, status, total_price, user_id, order_id) 
    values
        (?, ?, ?, ?, ?, ?, ?)
Hibernate: 
    insert 
    into
        orders
        (menu_id, order_date, quantity, status, total_price, user_id, order_id) 
    values
        (?, ?, ?, ?, ?, ?, ?)
2025-06-22T16:33:14.222+09:00 DEBUG 27628 --- [cofee-order-system] [           main] org.hibernate.SQL                        : 
    insert 
    into
        orders
        (menu_id, order_date, quantity, status, total_price, user_id, order_id) 
    values
        (?, ?, ?, ?, ?, ?, ?)
Hibernate: 
    insert 
    into
        orders
        (menu_id, order_date, quantity, status, total_price, user_id, order_id) 
    values
        (?, ?, ?, ?, ?, ?, ?)
2025-06-22T16:33:14.223+09:00 DEBUG 27628 --- [cofee-order-system] [           main] org.hibernate.SQL                        : 
    insert 
    into
        orders
        (menu_id, order_date, quantity, status, total_price, user_id, order_id) 
    values
        (?, ?, ?, ?, ?, ?, ?)
Hibernate: 
    insert 
    into
        orders
        (menu_id, order_date, quantity, status, total_price, user_id, order_id) 
    values
        (?, ?, ?, ?, ?, ?, ?)
2025-06-22T16:33:14.223+09:00 DEBUG 27628 --- [cofee-order-system] [           main] org.hibernate.SQL                        : 
    select
        o1_0.menu_id,
        m1_0.name,
        m1_0.price,
        count(o1_0.menu_id) 
    from
        orders o1_0 
    join
        menu m1_0 
            on o1_0.menu_id=m1_0.id 
    where
        o1_0.order_date>=? 
    group by
        o1_0.menu_id,
        m1_0.name,
        m1_0.price 
    order by
        count(o1_0.menu_id) desc,
        o1_0.menu_id,
        4 desc 
    fetch
        first ? rows only
Hibernate: 
    select
        o1_0.menu_id,
        m1_0.name,
        m1_0.price,
        count(o1_0.menu_id) 
    from
        orders o1_0 
    join
        menu m1_0 
            on o1_0.menu_id=m1_0.id 
    where
        o1_0.order_date>=? 
    group by
        o1_0.menu_id,
        m1_0.name,
        m1_0.price 
    order by
        count(o1_0.menu_id) desc,
        o1_0.menu_id,
        4 desc 
    fetch
        first ? rows only

MockHttpServletRequest:
      HTTP Method = GET
      Request URI = /api/menus/popular
       Parameters = {}
          Headers = []
             Body = null
    Session Attrs = {}

Handler:
             Type = com.sparta.tdd.coffeeshop.controller.domain.MenuController
           Method = com.sparta.tdd.coffeeshop.controller.domain.MenuController#getPopularMenus()

Async:
    Async started = false
     Async result = null

Resolved Exception:
             Type = null

ModelAndView:
        View name = null
             View = null
            Model = null

FlashMap:
       Attributes = null

MockHttpServletResponse:
           Status = 200
    Error message = null
          Headers = [Content-Type:"application/json"]
     Content type = application/json
             Body = []
    Forwarded URL = null
   Redirected URL = null
          Cookies = []
2025-06-22T16:33:14.237+09:00 DEBUG 27628 --- [cofee-order-system] [           main] org.hibernate.SQL                        : 
    select
        o1_0.order_id,
        o1_0.menu_id,
        o1_0.order_date,
        o1_0.quantity,
        o1_0.status,
        o1_0.total_price,
        o1_0.user_id 
    from
        orders o1_0
Hibernate: 
    select
        o1_0.order_id,
        o1_0.menu_id,
        o1_0.order_date,
        o1_0.quantity,
        o1_0.status,
        o1_0.total_price,
        o1_0.user_id 
    from
        orders o1_0
2025-06-22T16:33:14.238+09:00 DEBUG 27628 --- [cofee-order-system] [           main] org.hibernate.SQL                        : 
    select
        m1_0.id,
        m1_0.name,
        m1_0.price 
    from
        menu m1_0
Hibernate: 
    select
        m1_0.id,
        m1_0.name,
        m1_0.price 
    from
        menu m1_0
2025-06-22T16:33:14.238+09:00 DEBUG 27628 --- [cofee-order-system] [           main] org.hibernate.SQL                        : 
    insert 
    into
        menu
        (name, price, id) 
    values
        (?, ?, default)
Hibernate: 
    insert 
    into
        menu
        (name, price, id) 
    values
        (?, ?, default)
2025-06-22T16:33:14.239+09:00 DEBUG 27628 --- [cofee-order-system] [           main] org.hibernate.SQL                        : 
    insert 
    into
        menu
        (name, price, id) 
    values
        (?, ?, default)
Hibernate: 
    insert 
    into
        menu
        (name, price, id) 
    values
        (?, ?, default)
2025-06-22T16:33:14.240+09:00 DEBUG 27628 --- [cofee-order-system] [           main] org.hibernate.SQL                        : 
    insert 
    into
        menu
        (name, price, id) 
    values
        (?, ?, default)
Hibernate: 
    insert 
    into
        menu
        (name, price, id) 
    values
        (?, ?, default)
2025-06-22T16:33:14.241+09:00 DEBUG 27628 --- [cofee-order-system] [           main] org.hibernate.SQL                        : 
    insert 
    into
        menu
        (name, price, id) 
    values
        (?, ?, default)
Hibernate: 
    insert 
    into
        menu
        (name, price, id) 
    values
        (?, ?, default)
2025-06-22T16:33:14.241+09:00 DEBUG 27628 --- [cofee-order-system] [           main] org.hibernate.SQL                        : 
    insert 
    into
        menu
        (name, price, id) 
    values
        (?, ?, default)
Hibernate: 
    insert 
    into
        menu
        (name, price, id) 
    values
        (?, ?, default)
2025-06-22T16:33:14.243+09:00 DEBUG 27628 --- [cofee-order-system] [           main] org.hibernate.SQL                        : 
    insert 
    into
        menu
        (name, price, id) 
    values
        (?, ?, default)
Hibernate: 
    insert 
    into
        menu
        (name, price, id) 
    values
        (?, ?, default)
2025-06-22T16:33:14.244+09:00 DEBUG 27628 --- [cofee-order-system] [           main] org.hibernate.SQL                        : 
    select
        m1_0.id,
        m1_0.name,
        m1_0.price 
    from
        menu m1_0
Hibernate: 
    select
        m1_0.id,
        m1_0.name,
        m1_0.price 
    from
        menu m1_0
2025-06-22T16:33:14.249+09:00 DEBUG 27628 --- [cofee-order-system] [           main] org.hibernate.SQL                        : 
    delete 
    from
        menu 
    where
        id=?
Hibernate: 
    delete 
    from
        menu 
    where
        id=?
2025-06-22T16:33:14.251+09:00 DEBUG 27628 --- [cofee-order-system] [           main] org.hibernate.SQL                        : 
    delete 
    from
        menu 
    where
        id=?
Hibernate: 
    delete 
    from
        menu 
    where
        id=?
2025-06-22T16:33:14.251+09:00 DEBUG 27628 --- [cofee-order-system] [           main] org.hibernate.SQL                        : 
    delete 
    from
        menu 
    where
        id=?
Hibernate: 
    delete 
    from
        menu 
    where
        id=?
2025-06-22T16:33:14.251+09:00 DEBUG 27628 --- [cofee-order-system] [           main] org.hibernate.SQL                        : 
    delete 
    from
        menu 
    where
        id=?
Hibernate: 
    delete 
    from
        menu 
    where
        id=?
2025-06-22T16:33:14.252+09:00 DEBUG 27628 --- [cofee-order-system] [           main] org.hibernate.SQL                        : 
    delete 
    from
        menu 
    where
        id=?
Hibernate: 
    delete 
    from
        menu 
    where
        id=?
2025-06-22T16:33:14.252+09:00 DEBUG 27628 --- [cofee-order-system] [           main] org.hibernate.SQL                        : 
    delete 
    from
        menu 
    where
        id=?
Hibernate: 
    delete 
    from
        menu 
    where
        id=?
2025-06-22T16:33:14.253+09:00 DEBUG 27628 --- [cofee-order-system] [           main] org.hibernate.SQL                        : 
    select
        m1_0.id,
        m1_0.name,
        m1_0.price 
    from
        menu m1_0 
    order by
        m1_0.id
Hibernate: 
    select
        m1_0.id,
        m1_0.name,
        m1_0.price 
    from
        menu m1_0 
    order by
        m1_0.id
2025-06-22T16:33:14.259+09:00 DEBUG 27628 --- [cofee-order-system] [           main] org.hibernate.SQL                        : 
    select
        o1_0.order_id,
        o1_0.menu_id,
        o1_0.order_date,
        o1_0.quantity,
        o1_0.status,
        o1_0.total_price,
        o1_0.user_id 
    from
        orders o1_0
Hibernate: 
    select
        o1_0.order_id,
        o1_0.menu_id,
        o1_0.order_date,
        o1_0.quantity,
        o1_0.status,
        o1_0.total_price,
        o1_0.user_id 
    from
        orders o1_0
2025-06-22T16:33:14.260+09:00 DEBUG 27628 --- [cofee-order-system] [           main] org.hibernate.SQL                        : 
    select
        m1_0.id,
        m1_0.name,
        m1_0.price 
    from
        menu m1_0
Hibernate: 
    select
        m1_0.id,
        m1_0.name,
        m1_0.price 
    from
        menu m1_0
2025-06-22T16:33:14.261+09:00 DEBUG 27628 --- [cofee-order-system] [           main] org.hibernate.SQL                        : 
    insert 
    into
        menu
        (name, price, id) 
    values
        (?, ?, default)
Hibernate: 
    insert 
    into
        menu
        (name, price, id) 
    values
        (?, ?, default)
2025-06-22T16:33:14.263+09:00 DEBUG 27628 --- [cofee-order-system] [           main] org.hibernate.SQL                        : 
    insert 
    into
        menu
        (name, price, id) 
    values
        (?, ?, default)
Hibernate: 
    insert 
    into
        menu
        (name, price, id) 
    values
        (?, ?, default)
2025-06-22T16:33:14.264+09:00 DEBUG 27628 --- [cofee-order-system] [           main] org.hibernate.SQL                        : 
    insert 
    into
        menu
        (name, price, id) 
    values
        (?, ?, default)
Hibernate: 
    insert 
    into
        menu
        (name, price, id) 
    values
        (?, ?, default)
2025-06-22T16:33:14.264+09:00 DEBUG 27628 --- [cofee-order-system] [           main] org.hibernate.SQL                        : 
    insert 
    into
        menu
        (name, price, id) 
    values
        (?, ?, default)
Hibernate: 
    insert 
    into
        menu
        (name, price, id) 
    values
        (?, ?, default)
2025-06-22T16:33:14.265+09:00 DEBUG 27628 --- [cofee-order-system] [           main] org.hibernate.SQL                        : 
    insert 
    into
        menu
        (name, price, id) 
    values
        (?, ?, default)
Hibernate: 
    insert 
    into
        menu
        (name, price, id) 
    values
        (?, ?, default)
2025-06-22T16:33:14.265+09:00 DEBUG 27628 --- [cofee-order-system] [           main] org.hibernate.SQL                        : 
    insert 
    into
        menu
        (name, price, id) 
    values
        (?, ?, default)
Hibernate: 
    insert 
    into
        menu
        (name, price, id) 
    values
        (?, ?, default)
2025-06-22T16:33:14.273+09:00 DEBUG 27628 --- [cofee-order-system] [           main] org.hibernate.SQL                        : 
    insert 
    into
        orders
        (menu_id, order_date, quantity, status, total_price, user_id, order_id) 
    values
        (?, ?, ?, ?, ?, ?, ?)
Hibernate: 
    insert 
    into
        orders
        (menu_id, order_date, quantity, status, total_price, user_id, order_id) 
    values
        (?, ?, ?, ?, ?, ?, ?)
2025-06-22T16:33:14.274+09:00 DEBUG 27628 --- [cofee-order-system] [           main] org.hibernate.SQL                        : 
    insert 
    into
        orders
        (menu_id, order_date, quantity, status, total_price, user_id, order_id) 
    values
        (?, ?, ?, ?, ?, ?, ?)
Hibernate: 
    insert 
    into
        orders
        (menu_id, order_date, quantity, status, total_price, user_id, order_id) 
    values
        (?, ?, ?, ?, ?, ?, ?)
2025-06-22T16:33:14.274+09:00 DEBUG 27628 --- [cofee-order-system] [           main] org.hibernate.SQL                        : 
    insert 
    into
        orders
        (menu_id, order_date, quantity, status, total_price, user_id, order_id) 
    values
        (?, ?, ?, ?, ?, ?, ?)
Hibernate: 
    insert 
    into
        orders
        (menu_id, order_date, quantity, status, total_price, user_id, order_id) 
    values
        (?, ?, ?, ?, ?, ?, ?)
2025-06-22T16:33:14.274+09:00 DEBUG 27628 --- [cofee-order-system] [           main] org.hibernate.SQL                        : 
    insert 
    into
        orders
        (menu_id, order_date, quantity, status, total_price, user_id, order_id) 
    values
        (?, ?, ?, ?, ?, ?, ?)
Hibernate: 
    insert 
    into
        orders
        (menu_id, order_date, quantity, status, total_price, user_id, order_id) 
    values
        (?, ?, ?, ?, ?, ?, ?)
2025-06-22T16:33:14.275+09:00 DEBUG 27628 --- [cofee-order-system] [           main] org.hibernate.SQL                        : 
    insert 
    into
        orders
        (menu_id, order_date, quantity, status, total_price, user_id, order_id) 
    values
        (?, ?, ?, ?, ?, ?, ?)
Hibernate: 
    insert 
    into
        orders
        (menu_id, order_date, quantity, status, total_price, user_id, order_id) 
    values
        (?, ?, ?, ?, ?, ?, ?)
2025-06-22T16:33:14.275+09:00 DEBUG 27628 --- [cofee-order-system] [           main] org.hibernate.SQL                        : 
    insert 
    into
        orders
        (menu_id, order_date, quantity, status, total_price, user_id, order_id) 
    values
        (?, ?, ?, ?, ?, ?, ?)
Hibernate: 
    insert 
    into
        orders
        (menu_id, order_date, quantity, status, total_price, user_id, order_id) 
    values
        (?, ?, ?, ?, ?, ?, ?)
2025-06-22T16:33:14.275+09:00 DEBUG 27628 --- [cofee-order-system] [           main] org.hibernate.SQL                        : 
    insert 
    into
        orders
        (menu_id, order_date, quantity, status, total_price, user_id, order_id) 
    values
        (?, ?, ?, ?, ?, ?, ?)
Hibernate: 
    insert 
    into
        orders
        (menu_id, order_date, quantity, status, total_price, user_id, order_id) 
    values
        (?, ?, ?, ?, ?, ?, ?)
2025-06-22T16:33:14.275+09:00 DEBUG 27628 --- [cofee-order-system] [           main] org.hibernate.SQL                        : 
    insert 
    into
        orders
        (menu_id, order_date, quantity, status, total_price, user_id, order_id) 
    values
        (?, ?, ?, ?, ?, ?, ?)
Hibernate: 
    insert 
    into
        orders
        (menu_id, order_date, quantity, status, total_price, user_id, order_id) 
    values
        (?, ?, ?, ?, ?, ?, ?)
2025-06-22T16:33:14.275+09:00 DEBUG 27628 --- [cofee-order-system] [           main] org.hibernate.SQL                        : 
    insert 
    into
        orders
        (menu_id, order_date, quantity, status, total_price, user_id, order_id) 
    values
        (?, ?, ?, ?, ?, ?, ?)
Hibernate: 
    insert 
    into
        orders
        (menu_id, order_date, quantity, status, total_price, user_id, order_id) 
    values
        (?, ?, ?, ?, ?, ?, ?)
2025-06-22T16:33:14.276+09:00 DEBUG 27628 --- [cofee-order-system] [           main] org.hibernate.SQL                        : 
    insert 
    into
        orders
        (menu_id, order_date, quantity, status, total_price, user_id, order_id) 
    values
        (?, ?, ?, ?, ?, ?, ?)
Hibernate: 
    insert 
    into
        orders
        (menu_id, order_date, quantity, status, total_price, user_id, order_id) 
    values
        (?, ?, ?, ?, ?, ?, ?)
2025-06-22T16:33:14.277+09:00 DEBUG 27628 --- [cofee-order-system] [           main] org.hibernate.SQL                        : 
    insert 
    into
        orders
        (menu_id, order_date, quantity, status, total_price, user_id, order_id) 
    values
        (?, ?, ?, ?, ?, ?, ?)
Hibernate: 
    insert 
    into
        orders
        (menu_id, order_date, quantity, status, total_price, user_id, order_id) 
    values
        (?, ?, ?, ?, ?, ?, ?)
2025-06-22T16:33:14.277+09:00 DEBUG 27628 --- [cofee-order-system] [           main] org.hibernate.SQL                        : 
    insert 
    into
        orders
        (menu_id, order_date, quantity, status, total_price, user_id, order_id) 
    values
        (?, ?, ?, ?, ?, ?, ?)
Hibernate: 
    insert 
    into
        orders
        (menu_id, order_date, quantity, status, total_price, user_id, order_id) 
    values
        (?, ?, ?, ?, ?, ?, ?)
2025-06-22T16:33:14.277+09:00 DEBUG 27628 --- [cofee-order-system] [           main] org.hibernate.SQL                        : 
    insert 
    into
        orders
        (menu_id, order_date, quantity, status, total_price, user_id, order_id) 
    values
        (?, ?, ?, ?, ?, ?, ?)
Hibernate: 
    insert 
    into
        orders
        (menu_id, order_date, quantity, status, total_price, user_id, order_id) 
    values
        (?, ?, ?, ?, ?, ?, ?)
2025-06-22T16:33:14.277+09:00 DEBUG 27628 --- [cofee-order-system] [           main] org.hibernate.SQL                        : 
    insert 
    into
        orders
        (menu_id, order_date, quantity, status, total_price, user_id, order_id) 
    values
        (?, ?, ?, ?, ?, ?, ?)
Hibernate: 
    insert 
    into
        orders
        (menu_id, order_date, quantity, status, total_price, user_id, order_id) 
    values
        (?, ?, ?, ?, ?, ?, ?)
2025-06-22T16:33:14.278+09:00 DEBUG 27628 --- [cofee-order-system] [           main] org.hibernate.SQL                        : 
    insert 
    into
        orders
        (menu_id, order_date, quantity, status, total_price, user_id, order_id) 
    values
        (?, ?, ?, ?, ?, ?, ?)
Hibernate: 
    insert 
    into
        orders
        (menu_id, order_date, quantity, status, total_price, user_id, order_id) 
    values
        (?, ?, ?, ?, ?, ?, ?)
2025-06-22T16:33:14.278+09:00 DEBUG 27628 --- [cofee-order-system] [           main] org.hibernate.SQL                        : 
    insert 
    into
        orders
        (menu_id, order_date, quantity, status, total_price, user_id, order_id) 
    values
        (?, ?, ?, ?, ?, ?, ?)
Hibernate: 
    insert 
    into
        orders
        (menu_id, order_date, quantity, status, total_price, user_id, order_id) 
    values
        (?, ?, ?, ?, ?, ?, ?)
2025-06-22T16:33:14.278+09:00 DEBUG 27628 --- [cofee-order-system] [           main] org.hibernate.SQL                        : 
    insert 
    into
        orders
        (menu_id, order_date, quantity, status, total_price, user_id, order_id) 
    values
        (?, ?, ?, ?, ?, ?, ?)
Hibernate: 
    insert 
    into
        orders
        (menu_id, order_date, quantity, status, total_price, user_id, order_id) 
    values
        (?, ?, ?, ?, ?, ?, ?)
2025-06-22T16:33:14.279+09:00 DEBUG 27628 --- [cofee-order-system] [           main] org.hibernate.SQL                        : 
    insert 
    into
        orders
        (menu_id, order_date, quantity, status, total_price, user_id, order_id) 
    values
        (?, ?, ?, ?, ?, ?, ?)
Hibernate: 
    insert 
    into
        orders
        (menu_id, order_date, quantity, status, total_price, user_id, order_id) 
    values
        (?, ?, ?, ?, ?, ?, ?)
2025-06-22T16:33:14.279+09:00 DEBUG 27628 --- [cofee-order-system] [           main] org.hibernate.SQL                        : 
    insert 
    into
        orders
        (menu_id, order_date, quantity, status, total_price, user_id, order_id) 
    values
        (?, ?, ?, ?, ?, ?, ?)
Hibernate: 
    insert 
    into
        orders
        (menu_id, order_date, quantity, status, total_price, user_id, order_id) 
    values
        (?, ?, ?, ?, ?, ?, ?)
2025-06-22T16:33:14.279+09:00 DEBUG 27628 --- [cofee-order-system] [           main] org.hibernate.SQL                        : 
    insert 
    into
        orders
        (menu_id, order_date, quantity, status, total_price, user_id, order_id) 
    values
        (?, ?, ?, ?, ?, ?, ?)
Hibernate: 
    insert 
    into
        orders
        (menu_id, order_date, quantity, status, total_price, user_id, order_id) 
    values
        (?, ?, ?, ?, ?, ?, ?)
2025-06-22T16:33:14.280+09:00 DEBUG 27628 --- [cofee-order-system] [           main] org.hibernate.SQL                        : 
    insert 
    into
        orders
        (menu_id, order_date, quantity, status, total_price, user_id, order_id) 
    values
        (?, ?, ?, ?, ?, ?, ?)
Hibernate: 
    insert 
    into
        orders
        (menu_id, order_date, quantity, status, total_price, user_id, order_id) 
    values
        (?, ?, ?, ?, ?, ?, ?)
2025-06-22T16:33:14.280+09:00 DEBUG 27628 --- [cofee-order-system] [           main] org.hibernate.SQL                        : 
    insert 
    into
        orders
        (menu_id, order_date, quantity, status, total_price, user_id, order_id) 
    values
        (?, ?, ?, ?, ?, ?, ?)
Hibernate: 
    insert 
    into
        orders
        (menu_id, order_date, quantity, status, total_price, user_id, order_id) 
    values
        (?, ?, ?, ?, ?, ?, ?)
2025-06-22T16:33:14.280+09:00 DEBUG 27628 --- [cofee-order-system] [           main] org.hibernate.SQL                        : 
    insert 
    into
        orders
        (menu_id, order_date, quantity, status, total_price, user_id, order_id) 
    values
        (?, ?, ?, ?, ?, ?, ?)
Hibernate: 
    insert 
    into
        orders
        (menu_id, order_date, quantity, status, total_price, user_id, order_id) 
    values
        (?, ?, ?, ?, ?, ?, ?)
2025-06-22T16:33:14.281+09:00 DEBUG 27628 --- [cofee-order-system] [           main] org.hibernate.SQL                        : 
    insert 
    into
        orders
        (menu_id, order_date, quantity, status, total_price, user_id, order_id) 
    values
        (?, ?, ?, ?, ?, ?, ?)
Hibernate: 
    insert 
    into
        orders
        (menu_id, order_date, quantity, status, total_price, user_id, order_id) 
    values
        (?, ?, ?, ?, ?, ?, ?)
2025-06-22T16:33:14.281+09:00 DEBUG 27628 --- [cofee-order-system] [           main] org.hibernate.SQL                        : 
    insert 
    into
        orders
        (menu_id, order_date, quantity, status, total_price, user_id, order_id) 
    values
        (?, ?, ?, ?, ?, ?, ?)
Hibernate: 
    insert 
    into
        orders
        (menu_id, order_date, quantity, status, total_price, user_id, order_id) 
    values
        (?, ?, ?, ?, ?, ?, ?)
2025-06-22T16:33:14.281+09:00 DEBUG 27628 --- [cofee-order-system] [           main] org.hibernate.SQL                        : 
    insert 
    into
        orders
        (menu_id, order_date, quantity, status, total_price, user_id, order_id) 
    values
        (?, ?, ?, ?, ?, ?, ?)
Hibernate: 
    insert 
    into
        orders
        (menu_id, order_date, quantity, status, total_price, user_id, order_id) 
    values
        (?, ?, ?, ?, ?, ?, ?)
2025-06-22T16:33:14.281+09:00 DEBUG 27628 --- [cofee-order-system] [           main] org.hibernate.SQL                        : 
    select
        o1_0.menu_id,
        m1_0.name,
        m1_0.price,
        count(o1_0.menu_id) 
    from
        orders o1_0 
    join
        menu m1_0 
            on o1_0.menu_id=m1_0.id 
    where
        o1_0.order_date>=? 
    group by
        o1_0.menu_id,
        m1_0.name,
        m1_0.price 
    order by
        count(o1_0.menu_id) desc,
        o1_0.menu_id,
        4 desc 
    fetch
        first ? rows only
Hibernate: 
    select
        o1_0.menu_id,
        m1_0.name,
        m1_0.price,
        count(o1_0.menu_id) 
    from
        orders o1_0 
    join
        menu m1_0 
            on o1_0.menu_id=m1_0.id 
    where
        o1_0.order_date>=? 
    group by
        o1_0.menu_id,
        m1_0.name,
        m1_0.price 
    order by
        count(o1_0.menu_id) desc,
        o1_0.menu_id,
        4 desc 
    fetch
        first ? rows only

MockHttpServletRequest:
      HTTP Method = GET
      Request URI = /api/menus/popular
       Parameters = {}
          Headers = []
             Body = null
    Session Attrs = {}

Handler:
             Type = com.sparta.tdd.coffeeshop.controller.domain.MenuController
           Method = com.sparta.tdd.coffeeshop.controller.domain.MenuController#getPopularMenus()

Async:
    Async started = false
     Async result = null

Resolved Exception:
             Type = null

ModelAndView:
        View name = null
             View = null
            Model = null

FlashMap:
       Attributes = null

MockHttpServletResponse:
           Status = 200
    Error message = null
          Headers = [Content-Type:"application/json"]
     Content type = application/json
             Body = []
    Forwarded URL = null
   Redirected URL = null
          Cookies = []
[ERROR] Tests run: 5, Failures: 2, Errors: 0, Skipped: 0, Time elapsed: 1.050 s <<< FAILURE! -- in com.sparta.tdd.test.coffeeshop.controller.MenuControllerTest
[ERROR] com.sparta.tdd.test.coffeeshop.controller.MenuControllerTest.getPopularMenus_FewerThan3Menus -- Time elapsed: 0.038 s <<< FAILURE!
java.lang.AssertionError: JSON path "$.length()" expected:<2> but was:<0>
	at org.springframework.test.util.AssertionErrors.fail(AssertionErrors.java:59)
	at org.springframework.test.util.AssertionErrors.assertEquals(AssertionErrors.java:122)
	at org.springframework.test.util.JsonPathExpectationsHelper.assertValue(JsonPathExpectationsHelper.java:123)
	at org.springframework.test.web.servlet.result.JsonPathResultMatchers.lambda$value$2(JsonPathResultMatchers.java:111)
	at org.springframework.test.web.servlet.MockMvc$1.andExpect(MockMvc.java:214)
	at com.sparta.tdd.test.coffeeshop.controller.MenuControllerTest.getPopularMenus_FewerThan3Menus(MenuControllerTest.java:201)
	at java.base/java.lang.reflect.Method.invoke(Method.java:568)
	at java.base/java.util.ArrayList.forEach(ArrayList.java:1511)
	at java.base/java.util.ArrayList.forEach(ArrayList.java:1511)

[ERROR] com.sparta.tdd.test.coffeeshop.controller.MenuControllerTest.getPopularMenus_Success -- Time elapsed: 0.032 s <<< FAILURE!
java.lang.AssertionError: JSON path "$.length()" expected:<3> but was:<0>
	at org.springframework.test.util.AssertionErrors.fail(AssertionErrors.java:59)
	at org.springframework.test.util.AssertionErrors.assertEquals(AssertionErrors.java:122)
	at org.springframework.test.util.JsonPathExpectationsHelper.assertValue(JsonPathExpectationsHelper.java:123)
	at org.springframework.test.web.servlet.result.JsonPathResultMatchers.lambda$value$2(JsonPathResultMatchers.java:111)
	at org.springframework.test.web.servlet.MockMvc$1.andExpect(MockMvc.java:214)
	at com.sparta.tdd.test.coffeeshop.controller.MenuControllerTest.getPopularMenus_Success(MenuControllerTest.java:142)
	at java.base/java.lang.reflect.Method.invoke(Method.java:568)
	at java.base/java.util.ArrayList.forEach(ArrayList.java:1511)
	at java.base/java.util.ArrayList.forEach(ArrayList.java:1511)

[INFO] Running com.sparta.tdd.test.coffeeshop.controller.OrderControllerTest
2025-06-22T16:33:14.291+09:00  INFO 27628 --- [cofee-order-system] [           main] t.c.s.AnnotationConfigContextLoaderUtils : Could not detect default configuration classes for test class [com.sparta.tdd.test.coffeeshop.controller.OrderControllerTest]: OrderControllerTest does not declare any static, non-private, non-final, nested classes annotated with @Configuration.
2025-06-22T16:33:14.294+09:00  INFO 27628 --- [cofee-order-system] [           main] .b.t.c.SpringBootTestContextBootstrapper : Found @SpringBootConfiguration com.sparta.tdd.CoffeeOrderSystemApplication for test class com.sparta.tdd.test.coffeeshop.controller.OrderControllerTest
2025-06-22T16:33:14.303+09:00 DEBUG 27628 --- [cofee-order-system] [           main] org.hibernate.SQL                        : 
    select
        u1_0.user_id,
        u1_0.point,
        u1_0.username,
        u1_0.version 
    from
        users u1_0
Hibernate: 
    select
        u1_0.user_id,
        u1_0.point,
        u1_0.username,
        u1_0.version 
    from
        users u1_0
2025-06-22T16:33:14.306+09:00 DEBUG 27628 --- [cofee-order-system] [           main] org.hibernate.SQL                        : 
    select
        m1_0.id,
        m1_0.name,
        m1_0.price 
    from
        menu m1_0
Hibernate: 
    select
        m1_0.id,
        m1_0.name,
        m1_0.price 
    from
        menu m1_0
2025-06-22T16:33:14.309+09:00 DEBUG 27628 --- [cofee-order-system] [           main] org.hibernate.SQL                        : 
    insert 
    into
        users
        (point, username, version, user_id) 
    values
        (?, ?, ?, ?)
Hibernate: 
    insert 
    into
        users
        (point, username, version, user_id) 
    values
        (?, ?, ?, ?)
2025-06-22T16:33:14.310+09:00 DEBUG 27628 --- [cofee-order-system] [           main] org.hibernate.SQL                        : 
    insert 
    into
        menu
        (name, price, id) 
    values
        (?, ?, default)
Hibernate: 
    insert 
    into
        menu
        (name, price, id) 
    values
        (?, ?, default)
2025-06-22T16:33:14.346+09:00 DEBUG 27628 --- [cofee-order-system] [           main] org.hibernate.SQL                        : 
    select
        user_id 
    from
        users 
    where
        user_id=? 
        and version=? for update
Hibernate: 
    select
        user_id 
    from
        users 
    where
        user_id=? 
        and version=? for update
[INFO] Tests run: 1, Failures: 0, Errors: 0, Skipped: 0, Time elapsed: 0.114 s -- in com.sparta.tdd.test.coffeeshop.controller.OrderControllerTest
[INFO] Running com.sparta.tdd.test.coffeeshop.controller.UserControllerTest
2025-06-22T16:33:14.407+09:00  INFO 27628 --- [cofee-order-system] [           main] t.c.s.AnnotationConfigContextLoaderUtils : Could not detect default configuration classes for test class [com.sparta.tdd.test.coffeeshop.controller.UserControllerTest]: UserControllerTest does not declare any static, non-private, non-final, nested classes annotated with @Configuration.
2025-06-22T16:33:14.408+09:00  INFO 27628 --- [cofee-order-system] [           main] .b.t.c.SpringBootTestContextBootstrapper : Found @SpringBootConfiguration com.sparta.tdd.CoffeeOrderSystemApplication for test class com.sparta.tdd.test.coffeeshop.controller.UserControllerTest
2025-06-22T16:33:14.415+09:00 DEBUG 27628 --- [cofee-order-system] [           main] org.hibernate.SQL                        : 
    select
        u1_0.user_id,
        u1_0.point,
        u1_0.username,
        u1_0.version 
    from
        users u1_0
Hibernate: 
    select
        u1_0.user_id,
        u1_0.point,
        u1_0.username,
        u1_0.version 
    from
        users u1_0
2025-06-22T16:33:14.428+09:00 DEBUG 27628 --- [cofee-order-system] [           main] org.hibernate.SQL                        : 
    select
        u1_0.user_id,
        u1_0.point,
        u1_0.username,
        u1_0.version 
    from
        users u1_0 
    where
        u1_0.user_id=? for update
Hibernate: 
    select
        u1_0.user_id,
        u1_0.point,
        u1_0.username,
        u1_0.version 
    from
        users u1_0 
    where
        u1_0.user_id=? for update
2025-06-22T16:33:14.430+09:00 ERROR 27628 --- [cofee-order-system] [           main] c.s.t.c.c.e.GlobalExceptionHandler       : CustomException: 사용자를 찾을 수 없습니다.

com.sparta.tdd.coffeeshop.cmmn.exception.CustomException: 사용자를 찾을 수 없습니다.
	at com.sparta.tdd.coffeeshop.domain.user.service.UserService.lambda$chargePoint$0(UserService.java:30) ~[classes/:na]
	at java.base/java.util.Optional.orElseThrow(Optional.java:403) ~[na:na]
	at com.sparta.tdd.coffeeshop.domain.user.service.UserService.chargePoint(UserService.java:30) ~[classes/:na]
	at java.base/jdk.internal.reflect.NativeMethodAccessorImpl.invoke0(Native Method) ~[na:na]
	at java.base/jdk.internal.reflect.NativeMethodAccessorImpl.invoke(NativeMethodAccessorImpl.java:77) ~[na:na]
	at java.base/jdk.internal.reflect.DelegatingMethodAccessorImpl.invoke(DelegatingMethodAccessorImpl.java:43) ~[na:na]
	at java.base/java.lang.reflect.Method.invoke(Method.java:568) ~[na:na]
	at org.springframework.aop.support.AopUtils.invokeJoinpointUsingReflection(AopUtils.java:355) ~[spring-aop-6.1.21.jar:6.1.21]
	at org.springframework.aop.framework.ReflectiveMethodInvocation.invokeJoinpoint(ReflectiveMethodInvocation.java:196) ~[spring-aop-6.1.21.jar:6.1.21]
	at org.springframework.aop.framework.ReflectiveMethodInvocation.proceed(ReflectiveMethodInvocation.java:163) ~[spring-aop-6.1.21.jar:6.1.21]
	at org.springframework.aop.framework.CglibAopProxy$CglibMethodInvocation.proceed(CglibAopProxy.java:769) ~[spring-aop-6.1.21.jar:6.1.21]
	at org.springframework.transaction.interceptor.TransactionAspectSupport.invokeWithinTransaction(TransactionAspectSupport.java:379) ~[spring-tx-6.1.21.jar:6.1.21]
	at org.springframework.transaction.interceptor.TransactionInterceptor.invoke(TransactionInterceptor.java:119) ~[spring-tx-6.1.21.jar:6.1.21]
	at org.springframework.aop.framework.ReflectiveMethodInvocation.proceed(ReflectiveMethodInvocation.java:184) ~[spring-aop-6.1.21.jar:6.1.21]
	at org.springframework.aop.framework.CglibAopProxy$CglibMethodInvocation.proceed(CglibAopProxy.java:769) ~[spring-aop-6.1.21.jar:6.1.21]
	at org.springframework.aop.framework.CglibAopProxy$DynamicAdvisedInterceptor.intercept(CglibAopProxy.java:721) ~[spring-aop-6.1.21.jar:6.1.21]
	at com.sparta.tdd.coffeeshop.domain.user.service.UserService$$SpringCGLIB$$0.chargePoint(<generated>) ~[classes/:na]
	at com.sparta.tdd.coffeeshop.controller.domain.UserController.chargePoint(UserController.java:23) ~[classes/:na]
	at java.base/jdk.internal.reflect.NativeMethodAccessorImpl.invoke0(Native Method) ~[na:na]
	at java.base/jdk.internal.reflect.NativeMethodAccessorImpl.invoke(NativeMethodAccessorImpl.java:77) ~[na:na]
	at java.base/jdk.internal.reflect.DelegatingMethodAccessorImpl.invoke(DelegatingMethodAccessorImpl.java:43) ~[na:na]
	at java.base/java.lang.reflect.Method.invoke(Method.java:568) ~[na:na]
	at org.springframework.web.method.support.InvocableHandlerMethod.doInvoke(InvocableHandlerMethod.java:255) ~[spring-web-6.1.21.jar:6.1.21]
	at org.springframework.web.method.support.InvocableHandlerMethod.invokeForRequest(InvocableHandlerMethod.java:188) ~[spring-web-6.1.21.jar:6.1.21]
	at org.springframework.web.servlet.mvc.method.annotation.ServletInvocableHandlerMethod.invokeAndHandle(ServletInvocableHandlerMethod.java:118) ~[spring-webmvc-6.1.21.jar:6.1.21]
	at org.springframework.web.servlet.mvc.method.annotation.RequestMappingHandlerAdapter.invokeHandlerMethod(RequestMappingHandlerAdapter.java:926) ~[spring-webmvc-6.1.21.jar:6.1.21]
	at org.springframework.web.servlet.mvc.method.annotation.RequestMappingHandlerAdapter.handleInternal(RequestMappingHandlerAdapter.java:831) ~[spring-webmvc-6.1.21.jar:6.1.21]
	at org.springframework.web.servlet.mvc.method.AbstractHandlerMethodAdapter.handle(AbstractHandlerMethodAdapter.java:87) ~[spring-webmvc-6.1.21.jar:6.1.21]
	at org.springframework.web.servlet.DispatcherServlet.doDispatch(DispatcherServlet.java:1089) ~[spring-webmvc-6.1.21.jar:6.1.21]
	at org.springframework.web.servlet.DispatcherServlet.doService(DispatcherServlet.java:979) ~[spring-webmvc-6.1.21.jar:6.1.21]
	at org.springframework.web.servlet.FrameworkServlet.processRequest(FrameworkServlet.java:1014) ~[spring-webmvc-6.1.21.jar:6.1.21]
	at org.springframework.web.servlet.FrameworkServlet.doPost(FrameworkServlet.java:914) ~[spring-webmvc-6.1.21.jar:6.1.21]
	at jakarta.servlet.http.HttpServlet.service(HttpServlet.java:590) ~[tomcat-embed-core-10.1.42.jar:6.0]
	at org.springframework.web.servlet.FrameworkServlet.service(FrameworkServlet.java:885) ~[spring-webmvc-6.1.21.jar:6.1.21]
	at org.springframework.test.web.servlet.TestDispatcherServlet.service(TestDispatcherServlet.java:72) ~[spring-test-6.1.21.jar:6.1.21]
	at jakarta.servlet.http.HttpServlet.service(HttpServlet.java:658) ~[tomcat-embed-core-10.1.42.jar:6.0]
	at org.springframework.mock.web.MockFilterChain$ServletFilterProxy.doFilter(MockFilterChain.java:165) ~[spring-test-6.1.21.jar:6.1.21]
	at org.springframework.mock.web.MockFilterChain.doFilter(MockFilterChain.java:132) ~[spring-test-6.1.21.jar:6.1.21]
	at org.springframework.web.filter.RequestContextFilter.doFilterInternal(RequestContextFilter.java:100) ~[spring-web-6.1.21.jar:6.1.21]
	at org.springframework.web.filter.OncePerRequestFilter.doFilter(OncePerRequestFilter.java:116) ~[spring-web-6.1.21.jar:6.1.21]
	at org.springframework.test.web.servlet.setup.MockMvcFilterDecorator.doFilter(MockMvcFilterDecorator.java:151) ~[spring-test-6.1.21.jar:6.1.21]
	at org.springframework.mock.web.MockFilterChain.doFilter(MockFilterChain.java:132) ~[spring-test-6.1.21.jar:6.1.21]
	at org.springframework.web.filter.FormContentFilter.doFilterInternal(FormContentFilter.java:93) ~[spring-web-6.1.21.jar:6.1.21]
	at org.springframework.web.filter.OncePerRequestFilter.doFilter(OncePerRequestFilter.java:116) ~[spring-web-6.1.21.jar:6.1.21]
	at org.springframework.test.web.servlet.setup.MockMvcFilterDecorator.doFilter(MockMvcFilterDecorator.java:151) ~[spring-test-6.1.21.jar:6.1.21]
	at org.springframework.mock.web.MockFilterChain.doFilter(MockFilterChain.java:132) ~[spring-test-6.1.21.jar:6.1.21]
	at org.springframework.web.filter.CharacterEncodingFilter.doFilterInternal(CharacterEncodingFilter.java:201) ~[spring-web-6.1.21.jar:6.1.21]
	at org.springframework.web.filter.OncePerRequestFilter.doFilter(OncePerRequestFilter.java:116) ~[spring-web-6.1.21.jar:6.1.21]
	at org.springframework.test.web.servlet.setup.MockMvcFilterDecorator.doFilter(MockMvcFilterDecorator.java:151) ~[spring-test-6.1.21.jar:6.1.21]
	at org.springframework.mock.web.MockFilterChain.doFilter(MockFilterChain.java:132) ~[spring-test-6.1.21.jar:6.1.21]
	at org.springframework.test.web.servlet.MockMvc.perform(MockMvc.java:201) ~[spring-test-6.1.21.jar:6.1.21]
	at com.sparta.tdd.test.coffeeshop.controller.UserControllerTest.chargePoint_UserNotFound_Failure(UserControllerTest.java:95) ~[test-classes/:na]
	at java.base/jdk.internal.reflect.NativeMethodAccessorImpl.invoke0(Native Method) ~[na:na]
	at java.base/jdk.internal.reflect.NativeMethodAccessorImpl.invoke(NativeMethodAccessorImpl.java:77) ~[na:na]
	at java.base/jdk.internal.reflect.DelegatingMethodAccessorImpl.invoke(DelegatingMethodAccessorImpl.java:43) ~[na:na]
	at java.base/java.lang.reflect.Method.invoke(Method.java:568) ~[na:na]
	at org.junit.platform.commons.util.ReflectionUtils.invokeMethod(ReflectionUtils.java:728) ~[junit-platform-commons-1.10.5.jar:1.10.5]
	at org.junit.jupiter.engine.execution.MethodInvocation.proceed(MethodInvocation.java:60) ~[junit-jupiter-engine-5.10.5.jar:5.10.5]
	at org.junit.jupiter.engine.execution.InvocationInterceptorChain$ValidatingInvocation.proceed(InvocationInterceptorChain.java:131) ~[junit-jupiter-engine-5.10.5.jar:5.10.5]
	at org.junit.jupiter.engine.extension.TimeoutExtension.intercept(TimeoutExtension.java:156) ~[junit-jupiter-engine-5.10.5.jar:5.10.5]
	at org.junit.jupiter.engine.extension.TimeoutExtension.interceptTestableMethod(TimeoutExtension.java:147) ~[junit-jupiter-engine-5.10.5.jar:5.10.5]
	at org.junit.jupiter.engine.extension.TimeoutExtension.interceptTestMethod(TimeoutExtension.java:86) ~[junit-jupiter-engine-5.10.5.jar:5.10.5]
	at org.junit.jupiter.engine.execution.InterceptingExecutableInvoker$ReflectiveInterceptorCall.lambda$ofVoidMethod$0(InterceptingExecutableInvoker.java:103) ~[junit-jupiter-engine-5.10.5.jar:5.10.5]
	at org.junit.jupiter.engine.execution.InterceptingExecutableInvoker.lambda$invoke$0(InterceptingExecutableInvoker.java:93) ~[junit-jupiter-engine-5.10.5.jar:5.10.5]
	at org.junit.jupiter.engine.execution.InvocationInterceptorChain$InterceptedInvocation.proceed(InvocationInterceptorChain.java:106) ~[junit-jupiter-engine-5.10.5.jar:5.10.5]
	at org.junit.jupiter.engine.execution.InvocationInterceptorChain.proceed(InvocationInterceptorChain.java:64) ~[junit-jupiter-engine-5.10.5.jar:5.10.5]
	at org.junit.jupiter.engine.execution.InvocationInterceptorChain.chainAndInvoke(InvocationInterceptorChain.java:45) ~[junit-jupiter-engine-5.10.5.jar:5.10.5]
	at org.junit.jupiter.engine.execution.InvocationInterceptorChain.invoke(InvocationInterceptorChain.java:37) ~[junit-jupiter-engine-5.10.5.jar:5.10.5]
	at org.junit.jupiter.engine.execution.InterceptingExecutableInvoker.invoke(InterceptingExecutableInvoker.java:92) ~[junit-jupiter-engine-5.10.5.jar:5.10.5]
	at org.junit.jupiter.engine.execution.InterceptingExecutableInvoker.invoke(InterceptingExecutableInvoker.java:86) ~[junit-jupiter-engine-5.10.5.jar:5.10.5]
	at org.junit.jupiter.engine.descriptor.TestMethodTestDescriptor.lambda$invokeTestMethod$7(TestMethodTestDescriptor.java:218) ~[junit-jupiter-engine-5.10.5.jar:5.10.5]
	at org.junit.platform.engine.support.hierarchical.ThrowableCollector.execute(ThrowableCollector.java:73) ~[junit-platform-engine-1.10.5.jar:1.10.5]
	at org.junit.jupiter.engine.descriptor.TestMethodTestDescriptor.invokeTestMethod(TestMethodTestDescriptor.java:214) ~[junit-jupiter-engine-5.10.5.jar:5.10.5]
	at org.junit.jupiter.engine.descriptor.TestMethodTestDescriptor.execute(TestMethodTestDescriptor.java:139) ~[junit-jupiter-engine-5.10.5.jar:5.10.5]
	at org.junit.jupiter.engine.descriptor.TestMethodTestDescriptor.execute(TestMethodTestDescriptor.java:69) ~[junit-jupiter-engine-5.10.5.jar:5.10.5]
	at org.junit.platform.engine.support.hierarchical.NodeTestTask.lambda$executeRecursively$6(NodeTestTask.java:156) ~[junit-platform-engine-1.10.5.jar:1.10.5]
	at org.junit.platform.engine.support.hierarchical.ThrowableCollector.execute(ThrowableCollector.java:73) ~[junit-platform-engine-1.10.5.jar:1.10.5]
	at org.junit.platform.engine.support.hierarchical.NodeTestTask.lambda$executeRecursively$8(NodeTestTask.java:146) ~[junit-platform-engine-1.10.5.jar:1.10.5]
	at org.junit.platform.engine.support.hierarchical.Node.around(Node.java:137) ~[junit-platform-engine-1.10.5.jar:1.10.5]
	at org.junit.platform.engine.support.hierarchical.NodeTestTask.lambda$executeRecursively$9(NodeTestTask.java:144) ~[junit-platform-engine-1.10.5.jar:1.10.5]
	at org.junit.platform.engine.support.hierarchical.ThrowableCollector.execute(ThrowableCollector.java:73) ~[junit-platform-engine-1.10.5.jar:1.10.5]
	at org.junit.platform.engine.support.hierarchical.NodeTestTask.executeRecursively(NodeTestTask.java:143) ~[junit-platform-engine-1.10.5.jar:1.10.5]
	at org.junit.platform.engine.support.hierarchical.NodeTestTask.execute(NodeTestTask.java:100) ~[junit-platform-engine-1.10.5.jar:1.10.5]
	at java.base/java.util.ArrayList.forEach(ArrayList.java:1511) ~[na:na]
	at org.junit.platform.engine.support.hierarchical.SameThreadHierarchicalTestExecutorService.invokeAll(SameThreadHierarchicalTestExecutorService.java:41) ~[junit-platform-engine-1.10.5.jar:1.10.5]
	at org.junit.platform.engine.support.hierarchical.NodeTestTask.lambda$executeRecursively$6(NodeTestTask.java:160) ~[junit-platform-engine-1.10.5.jar:1.10.5]
	at org.junit.platform.engine.support.hierarchical.ThrowableCollector.execute(ThrowableCollector.java:73) ~[junit-platform-engine-1.10.5.jar:1.10.5]
	at org.junit.platform.engine.support.hierarchical.NodeTestTask.lambda$executeRecursively$8(NodeTestTask.java:146) ~[junit-platform-engine-1.10.5.jar:1.10.5]
	at org.junit.platform.engine.support.hierarchical.Node.around(Node.java:137) ~[junit-platform-engine-1.10.5.jar:1.10.5]
	at org.junit.platform.engine.support.hierarchical.NodeTestTask.lambda$executeRecursively$9(NodeTestTask.java:144) ~[junit-platform-engine-1.10.5.jar:1.10.5]
	at org.junit.platform.engine.support.hierarchical.ThrowableCollector.execute(ThrowableCollector.java:73) ~[junit-platform-engine-1.10.5.jar:1.10.5]
	at org.junit.platform.engine.support.hierarchical.NodeTestTask.executeRecursively(NodeTestTask.java:143) ~[junit-platform-engine-1.10.5.jar:1.10.5]
	at org.junit.platform.engine.support.hierarchical.NodeTestTask.execute(NodeTestTask.java:100) ~[junit-platform-engine-1.10.5.jar:1.10.5]
	at java.base/java.util.ArrayList.forEach(ArrayList.java:1511) ~[na:na]
	at org.junit.platform.engine.support.hierarchical.SameThreadHierarchicalTestExecutorService.invokeAll(SameThreadHierarchicalTestExecutorService.java:41) ~[junit-platform-engine-1.10.5.jar:1.10.5]
	at org.junit.platform.engine.support.hierarchical.NodeTestTask.lambda$executeRecursively$6(NodeTestTask.java:160) ~[junit-platform-engine-1.10.5.jar:1.10.5]
	at org.junit.platform.engine.support.hierarchical.ThrowableCollector.execute(ThrowableCollector.java:73) ~[junit-platform-engine-1.10.5.jar:1.10.5]
	at org.junit.platform.engine.support.hierarchical.NodeTestTask.lambda$executeRecursively$8(NodeTestTask.java:146) ~[junit-platform-engine-1.10.5.jar:1.10.5]
	at org.junit.platform.engine.support.hierarchical.Node.around(Node.java:137) ~[junit-platform-engine-1.10.5.jar:1.10.5]
	at org.junit.platform.engine.support.hierarchical.NodeTestTask.lambda$executeRecursively$9(NodeTestTask.java:144) ~[junit-platform-engine-1.10.5.jar:1.10.5]
	at org.junit.platform.engine.support.hierarchical.ThrowableCollector.execute(ThrowableCollector.java:73) ~[junit-platform-engine-1.10.5.jar:1.10.5]
	at org.junit.platform.engine.support.hierarchical.NodeTestTask.executeRecursively(NodeTestTask.java:143) ~[junit-platform-engine-1.10.5.jar:1.10.5]
	at org.junit.platform.engine.support.hierarchical.NodeTestTask.execute(NodeTestTask.java:100) ~[junit-platform-engine-1.10.5.jar:1.10.5]
	at org.junit.platform.engine.support.hierarchical.SameThreadHierarchicalTestExecutorService.submit(SameThreadHierarchicalTestExecutorService.java:35) ~[junit-platform-engine-1.10.5.jar:1.10.5]
	at org.junit.platform.engine.support.hierarchical.HierarchicalTestExecutor.execute(HierarchicalTestExecutor.java:57) ~[junit-platform-engine-1.10.5.jar:1.10.5]
	at org.junit.platform.engine.support.hierarchical.HierarchicalTestEngine.execute(HierarchicalTestEngine.java:54) ~[junit-platform-engine-1.10.5.jar:1.10.5]
	at org.junit.platform.launcher.core.EngineExecutionOrchestrator.execute(EngineExecutionOrchestrator.java:198) ~[junit-platform-launcher-1.10.5.jar:1.10.5]
	at org.junit.platform.launcher.core.EngineExecutionOrchestrator.execute(EngineExecutionOrchestrator.java:169) ~[junit-platform-launcher-1.10.5.jar:1.10.5]
	at org.junit.platform.launcher.core.EngineExecutionOrchestrator.execute(EngineExecutionOrchestrator.java:93) ~[junit-platform-launcher-1.10.5.jar:1.10.5]
	at org.junit.platform.launcher.core.EngineExecutionOrchestrator.lambda$execute$0(EngineExecutionOrchestrator.java:58) ~[junit-platform-launcher-1.10.5.jar:1.10.5]
	at org.junit.platform.launcher.core.EngineExecutionOrchestrator.withInterceptedStreams(EngineExecutionOrchestrator.java:141) ~[junit-platform-launcher-1.10.5.jar:1.10.5]
	at org.junit.platform.launcher.core.EngineExecutionOrchestrator.execute(EngineExecutionOrchestrator.java:57) ~[junit-platform-launcher-1.10.5.jar:1.10.5]
	at org.junit.platform.launcher.core.DefaultLauncher.execute(DefaultLauncher.java:103) ~[junit-platform-launcher-1.10.5.jar:1.10.5]
	at org.junit.platform.launcher.core.DefaultLauncher.execute(DefaultLauncher.java:85) ~[junit-platform-launcher-1.10.5.jar:1.10.5]
	at org.junit.platform.launcher.core.DelegatingLauncher.execute(DelegatingLauncher.java:47) ~[junit-platform-launcher-1.10.5.jar:1.10.5]
	at org.apache.maven.surefire.junitplatform.LazyLauncher.execute(LazyLauncher.java:56) ~[surefire-junit-platform-3.2.5.jar:3.2.5]
	at org.apache.maven.surefire.junitplatform.JUnitPlatformProvider.execute(JUnitPlatformProvider.java:184) ~[surefire-junit-platform-3.2.5.jar:3.2.5]
	at org.apache.maven.surefire.junitplatform.JUnitPlatformProvider.invokeAllTests(JUnitPlatformProvider.java:148) ~[surefire-junit-platform-3.2.5.jar:3.2.5]
	at org.apache.maven.surefire.junitplatform.JUnitPlatformProvider.invoke(JUnitPlatformProvider.java:122) ~[surefire-junit-platform-3.2.5.jar:3.2.5]
	at org.apache.maven.surefire.booter.ForkedBooter.runSuitesInProcess(ForkedBooter.java:385) ~[surefire-booter-3.2.5.jar:3.2.5]
	at org.apache.maven.surefire.booter.ForkedBooter.execute(ForkedBooter.java:162) ~[surefire-booter-3.2.5.jar:3.2.5]
	at org.apache.maven.surefire.booter.ForkedBooter.run(ForkedBooter.java:507) ~[surefire-booter-3.2.5.jar:3.2.5]
	at org.apache.maven.surefire.booter.ForkedBooter.main(ForkedBooter.java:495) ~[surefire-booter-3.2.5.jar:3.2.5]

2025-06-22T16:33:14.445+09:00 DEBUG 27628 --- [cofee-order-system] [           main] org.hibernate.SQL                        : 
    select
        u1_0.user_id,
        u1_0.point,
        u1_0.username,
        u1_0.version 
    from
        users u1_0
Hibernate: 
    select
        u1_0.user_id,
        u1_0.point,
        u1_0.username,
        u1_0.version 
    from
        users u1_0
2025-06-22T16:33:14.449+09:00 DEBUG 27628 --- [cofee-order-system] [           main] org.hibernate.SQL                        : 
    insert 
    into
        users
        (point, username, version, user_id) 
    values
        (?, ?, ?, ?)
Hibernate: 
    insert 
    into
        users
        (point, username, version, user_id) 
    values
        (?, ?, ?, ?)
2025-06-22T16:33:14.457+09:00 DEBUG 27628 --- [cofee-order-system] [           main] org.hibernate.SQL                        : 
    select
        u1_0.user_id,
        u1_0.point,
        u1_0.username,
        u1_0.version 
    from
        users u1_0
Hibernate: 
    select
        u1_0.user_id,
        u1_0.point,
        u1_0.username,
        u1_0.version 
    from
        users u1_0
2025-06-22T16:33:14.459+09:00 ERROR 27628 --- [cofee-order-system] [           main] c.s.t.c.c.e.GlobalExceptionHandler       : CustomException: 잘못된 입력 값입니다.

com.sparta.tdd.coffeeshop.cmmn.exception.CustomException: 충전 금액은 0보다 커야 합니다.
	at com.sparta.tdd.coffeeshop.domain.user.service.UserService.chargePoint(UserService.java:25) ~[classes/:na]
	at java.base/jdk.internal.reflect.NativeMethodAccessorImpl.invoke0(Native Method) ~[na:na]
	at java.base/jdk.internal.reflect.NativeMethodAccessorImpl.invoke(NativeMethodAccessorImpl.java:77) ~[na:na]
	at java.base/jdk.internal.reflect.DelegatingMethodAccessorImpl.invoke(DelegatingMethodAccessorImpl.java:43) ~[na:na]
	at java.base/java.lang.reflect.Method.invoke(Method.java:568) ~[na:na]
	at org.springframework.aop.support.AopUtils.invokeJoinpointUsingReflection(AopUtils.java:355) ~[spring-aop-6.1.21.jar:6.1.21]
	at org.springframework.aop.framework.ReflectiveMethodInvocation.invokeJoinpoint(ReflectiveMethodInvocation.java:196) ~[spring-aop-6.1.21.jar:6.1.21]
	at org.springframework.aop.framework.ReflectiveMethodInvocation.proceed(ReflectiveMethodInvocation.java:163) ~[spring-aop-6.1.21.jar:6.1.21]
	at org.springframework.aop.framework.CglibAopProxy$CglibMethodInvocation.proceed(CglibAopProxy.java:769) ~[spring-aop-6.1.21.jar:6.1.21]
	at org.springframework.transaction.interceptor.TransactionAspectSupport.invokeWithinTransaction(TransactionAspectSupport.java:379) ~[spring-tx-6.1.21.jar:6.1.21]
	at org.springframework.transaction.interceptor.TransactionInterceptor.invoke(TransactionInterceptor.java:119) ~[spring-tx-6.1.21.jar:6.1.21]
	at org.springframework.aop.framework.ReflectiveMethodInvocation.proceed(ReflectiveMethodInvocation.java:184) ~[spring-aop-6.1.21.jar:6.1.21]
	at org.springframework.aop.framework.CglibAopProxy$CglibMethodInvocation.proceed(CglibAopProxy.java:769) ~[spring-aop-6.1.21.jar:6.1.21]
	at org.springframework.aop.framework.CglibAopProxy$DynamicAdvisedInterceptor.intercept(CglibAopProxy.java:721) ~[spring-aop-6.1.21.jar:6.1.21]
	at com.sparta.tdd.coffeeshop.domain.user.service.UserService$$SpringCGLIB$$0.chargePoint(<generated>) ~[classes/:na]
	at com.sparta.tdd.coffeeshop.controller.domain.UserController.chargePoint(UserController.java:23) ~[classes/:na]
	at java.base/jdk.internal.reflect.NativeMethodAccessorImpl.invoke0(Native Method) ~[na:na]
	at java.base/jdk.internal.reflect.NativeMethodAccessorImpl.invoke(NativeMethodAccessorImpl.java:77) ~[na:na]
	at java.base/jdk.internal.reflect.DelegatingMethodAccessorImpl.invoke(DelegatingMethodAccessorImpl.java:43) ~[na:na]
	at java.base/java.lang.reflect.Method.invoke(Method.java:568) ~[na:na]
	at org.springframework.web.method.support.InvocableHandlerMethod.doInvoke(InvocableHandlerMethod.java:255) ~[spring-web-6.1.21.jar:6.1.21]
	at org.springframework.web.method.support.InvocableHandlerMethod.invokeForRequest(InvocableHandlerMethod.java:188) ~[spring-web-6.1.21.jar:6.1.21]
	at org.springframework.web.servlet.mvc.method.annotation.ServletInvocableHandlerMethod.invokeAndHandle(ServletInvocableHandlerMethod.java:118) ~[spring-webmvc-6.1.21.jar:6.1.21]
	at org.springframework.web.servlet.mvc.method.annotation.RequestMappingHandlerAdapter.invokeHandlerMethod(RequestMappingHandlerAdapter.java:926) ~[spring-webmvc-6.1.21.jar:6.1.21]
	at org.springframework.web.servlet.mvc.method.annotation.RequestMappingHandlerAdapter.handleInternal(RequestMappingHandlerAdapter.java:831) ~[spring-webmvc-6.1.21.jar:6.1.21]
	at org.springframework.web.servlet.mvc.method.AbstractHandlerMethodAdapter.handle(AbstractHandlerMethodAdapter.java:87) ~[spring-webmvc-6.1.21.jar:6.1.21]
	at org.springframework.web.servlet.DispatcherServlet.doDispatch(DispatcherServlet.java:1089) ~[spring-webmvc-6.1.21.jar:6.1.21]
	at org.springframework.web.servlet.DispatcherServlet.doService(DispatcherServlet.java:979) ~[spring-webmvc-6.1.21.jar:6.1.21]
	at org.springframework.web.servlet.FrameworkServlet.processRequest(FrameworkServlet.java:1014) ~[spring-webmvc-6.1.21.jar:6.1.21]
	at org.springframework.web.servlet.FrameworkServlet.doPost(FrameworkServlet.java:914) ~[spring-webmvc-6.1.21.jar:6.1.21]
	at jakarta.servlet.http.HttpServlet.service(HttpServlet.java:590) ~[tomcat-embed-core-10.1.42.jar:6.0]
	at org.springframework.web.servlet.FrameworkServlet.service(FrameworkServlet.java:885) ~[spring-webmvc-6.1.21.jar:6.1.21]
	at org.springframework.test.web.servlet.TestDispatcherServlet.service(TestDispatcherServlet.java:72) ~[spring-test-6.1.21.jar:6.1.21]
	at jakarta.servlet.http.HttpServlet.service(HttpServlet.java:658) ~[tomcat-embed-core-10.1.42.jar:6.0]
	at org.springframework.mock.web.MockFilterChain$ServletFilterProxy.doFilter(MockFilterChain.java:165) ~[spring-test-6.1.21.jar:6.1.21]
	at org.springframework.mock.web.MockFilterChain.doFilter(MockFilterChain.java:132) ~[spring-test-6.1.21.jar:6.1.21]
	at org.springframework.web.filter.RequestContextFilter.doFilterInternal(RequestContextFilter.java:100) ~[spring-web-6.1.21.jar:6.1.21]
	at org.springframework.web.filter.OncePerRequestFilter.doFilter(OncePerRequestFilter.java:116) ~[spring-web-6.1.21.jar:6.1.21]
	at org.springframework.test.web.servlet.setup.MockMvcFilterDecorator.doFilter(MockMvcFilterDecorator.java:151) ~[spring-test-6.1.21.jar:6.1.21]
	at org.springframework.mock.web.MockFilterChain.doFilter(MockFilterChain.java:132) ~[spring-test-6.1.21.jar:6.1.21]
	at org.springframework.web.filter.FormContentFilter.doFilterInternal(FormContentFilter.java:93) ~[spring-web-6.1.21.jar:6.1.21]
	at org.springframework.web.filter.OncePerRequestFilter.doFilter(OncePerRequestFilter.java:116) ~[spring-web-6.1.21.jar:6.1.21]
	at org.springframework.test.web.servlet.setup.MockMvcFilterDecorator.doFilter(MockMvcFilterDecorator.java:151) ~[spring-test-6.1.21.jar:6.1.21]
	at org.springframework.mock.web.MockFilterChain.doFilter(MockFilterChain.java:132) ~[spring-test-6.1.21.jar:6.1.21]
	at org.springframework.web.filter.CharacterEncodingFilter.doFilterInternal(CharacterEncodingFilter.java:201) ~[spring-web-6.1.21.jar:6.1.21]
	at org.springframework.web.filter.OncePerRequestFilter.doFilter(OncePerRequestFilter.java:116) ~[spring-web-6.1.21.jar:6.1.21]
	at org.springframework.test.web.servlet.setup.MockMvcFilterDecorator.doFilter(MockMvcFilterDecorator.java:151) ~[spring-test-6.1.21.jar:6.1.21]
	at org.springframework.mock.web.MockFilterChain.doFilter(MockFilterChain.java:132) ~[spring-test-6.1.21.jar:6.1.21]
	at org.springframework.test.web.servlet.MockMvc.perform(MockMvc.java:201) ~[spring-test-6.1.21.jar:6.1.21]
	at com.sparta.tdd.test.coffeeshop.controller.UserControllerTest.chargePoint_NegativeAmount_Failure(UserControllerTest.java:79) ~[test-classes/:na]
	at java.base/jdk.internal.reflect.NativeMethodAccessorImpl.invoke0(Native Method) ~[na:na]
	at java.base/jdk.internal.reflect.NativeMethodAccessorImpl.invoke(NativeMethodAccessorImpl.java:77) ~[na:na]
	at java.base/jdk.internal.reflect.DelegatingMethodAccessorImpl.invoke(DelegatingMethodAccessorImpl.java:43) ~[na:na]
	at java.base/java.lang.reflect.Method.invoke(Method.java:568) ~[na:na]
	at org.junit.platform.commons.util.ReflectionUtils.invokeMethod(ReflectionUtils.java:728) ~[junit-platform-commons-1.10.5.jar:1.10.5]
	at org.junit.jupiter.engine.execution.MethodInvocation.proceed(MethodInvocation.java:60) ~[junit-jupiter-engine-5.10.5.jar:5.10.5]
	at org.junit.jupiter.engine.execution.InvocationInterceptorChain$ValidatingInvocation.proceed(InvocationInterceptorChain.java:131) ~[junit-jupiter-engine-5.10.5.jar:5.10.5]
	at org.junit.jupiter.engine.extension.TimeoutExtension.intercept(TimeoutExtension.java:156) ~[junit-jupiter-engine-5.10.5.jar:5.10.5]
	at org.junit.jupiter.engine.extension.TimeoutExtension.interceptTestableMethod(TimeoutExtension.java:147) ~[junit-jupiter-engine-5.10.5.jar:5.10.5]
	at org.junit.jupiter.engine.extension.TimeoutExtension.interceptTestMethod(TimeoutExtension.java:86) ~[junit-jupiter-engine-5.10.5.jar:5.10.5]
	at org.junit.jupiter.engine.execution.InterceptingExecutableInvoker$ReflectiveInterceptorCall.lambda$ofVoidMethod$0(InterceptingExecutableInvoker.java:103) ~[junit-jupiter-engine-5.10.5.jar:5.10.5]
	at org.junit.jupiter.engine.execution.InterceptingExecutableInvoker.lambda$invoke$0(InterceptingExecutableInvoker.java:93) ~[junit-jupiter-engine-5.10.5.jar:5.10.5]
	at org.junit.jupiter.engine.execution.InvocationInterceptorChain$InterceptedInvocation.proceed(InvocationInterceptorChain.java:106) ~[junit-jupiter-engine-5.10.5.jar:5.10.5]
	at org.junit.jupiter.engine.execution.InvocationInterceptorChain.proceed(InvocationInterceptorChain.java:64) ~[junit-jupiter-engine-5.10.5.jar:5.10.5]
	at org.junit.jupiter.engine.execution.InvocationInterceptorChain.chainAndInvoke(InvocationInterceptorChain.java:45) ~[junit-jupiter-engine-5.10.5.jar:5.10.5]
	at org.junit.jupiter.engine.execution.InvocationInterceptorChain.invoke(InvocationInterceptorChain.java:37) ~[junit-jupiter-engine-5.10.5.jar:5.10.5]
	at org.junit.jupiter.engine.execution.InterceptingExecutableInvoker.invoke(InterceptingExecutableInvoker.java:92) ~[junit-jupiter-engine-5.10.5.jar:5.10.5]
	at org.junit.jupiter.engine.execution.InterceptingExecutableInvoker.invoke(InterceptingExecutableInvoker.java:86) ~[junit-jupiter-engine-5.10.5.jar:5.10.5]
	at org.junit.jupiter.engine.descriptor.TestMethodTestDescriptor.lambda$invokeTestMethod$7(TestMethodTestDescriptor.java:218) ~[junit-jupiter-engine-5.10.5.jar:5.10.5]
	at org.junit.platform.engine.support.hierarchical.ThrowableCollector.execute(ThrowableCollector.java:73) ~[junit-platform-engine-1.10.5.jar:1.10.5]
	at org.junit.jupiter.engine.descriptor.TestMethodTestDescriptor.invokeTestMethod(TestMethodTestDescriptor.java:214) ~[junit-jupiter-engine-5.10.5.jar:5.10.5]
	at org.junit.jupiter.engine.descriptor.TestMethodTestDescriptor.execute(TestMethodTestDescriptor.java:139) ~[junit-jupiter-engine-5.10.5.jar:5.10.5]
	at org.junit.jupiter.engine.descriptor.TestMethodTestDescriptor.execute(TestMethodTestDescriptor.java:69) ~[junit-jupiter-engine-5.10.5.jar:5.10.5]
	at org.junit.platform.engine.support.hierarchical.NodeTestTask.lambda$executeRecursively$6(NodeTestTask.java:156) ~[junit-platform-engine-1.10.5.jar:1.10.5]
	at org.junit.platform.engine.support.hierarchical.ThrowableCollector.execute(ThrowableCollector.java:73) ~[junit-platform-engine-1.10.5.jar:1.10.5]
	at org.junit.platform.engine.support.hierarchical.NodeTestTask.lambda$executeRecursively$8(NodeTestTask.java:146) ~[junit-platform-engine-1.10.5.jar:1.10.5]
	at org.junit.platform.engine.support.hierarchical.Node.around(Node.java:137) ~[junit-platform-engine-1.10.5.jar:1.10.5]
	at org.junit.platform.engine.support.hierarchical.NodeTestTask.lambda$executeRecursively$9(NodeTestTask.java:144) ~[junit-platform-engine-1.10.5.jar:1.10.5]
	at org.junit.platform.engine.support.hierarchical.ThrowableCollector.execute(ThrowableCollector.java:73) ~[junit-platform-engine-1.10.5.jar:1.10.5]
	at org.junit.platform.engine.support.hierarchical.NodeTestTask.executeRecursively(NodeTestTask.java:143) ~[junit-platform-engine-1.10.5.jar:1.10.5]
	at org.junit.platform.engine.support.hierarchical.NodeTestTask.execute(NodeTestTask.java:100) ~[junit-platform-engine-1.10.5.jar:1.10.5]
	at java.base/java.util.ArrayList.forEach(ArrayList.java:1511) ~[na:na]
	at org.junit.platform.engine.support.hierarchical.SameThreadHierarchicalTestExecutorService.invokeAll(SameThreadHierarchicalTestExecutorService.java:41) ~[junit-platform-engine-1.10.5.jar:1.10.5]
	at org.junit.platform.engine.support.hierarchical.NodeTestTask.lambda$executeRecursively$6(NodeTestTask.java:160) ~[junit-platform-engine-1.10.5.jar:1.10.5]
	at org.junit.platform.engine.support.hierarchical.ThrowableCollector.execute(ThrowableCollector.java:73) ~[junit-platform-engine-1.10.5.jar:1.10.5]
	at org.junit.platform.engine.support.hierarchical.NodeTestTask.lambda$executeRecursively$8(NodeTestTask.java:146) ~[junit-platform-engine-1.10.5.jar:1.10.5]
	at org.junit.platform.engine.support.hierarchical.Node.around(Node.java:137) ~[junit-platform-engine-1.10.5.jar:1.10.5]
	at org.junit.platform.engine.support.hierarchical.NodeTestTask.lambda$executeRecursively$9(NodeTestTask.java:144) ~[junit-platform-engine-1.10.5.jar:1.10.5]
	at org.junit.platform.engine.support.hierarchical.ThrowableCollector.execute(ThrowableCollector.java:73) ~[junit-platform-engine-1.10.5.jar:1.10.5]
	at org.junit.platform.engine.support.hierarchical.NodeTestTask.executeRecursively(NodeTestTask.java:143) ~[junit-platform-engine-1.10.5.jar:1.10.5]
	at org.junit.platform.engine.support.hierarchical.NodeTestTask.execute(NodeTestTask.java:100) ~[junit-platform-engine-1.10.5.jar:1.10.5]
	at java.base/java.util.ArrayList.forEach(ArrayList.java:1511) ~[na:na]
	at org.junit.platform.engine.support.hierarchical.SameThreadHierarchicalTestExecutorService.invokeAll(SameThreadHierarchicalTestExecutorService.java:41) ~[junit-platform-engine-1.10.5.jar:1.10.5]
	at org.junit.platform.engine.support.hierarchical.NodeTestTask.lambda$executeRecursively$6(NodeTestTask.java:160) ~[junit-platform-engine-1.10.5.jar:1.10.5]
	at org.junit.platform.engine.support.hierarchical.ThrowableCollector.execute(ThrowableCollector.java:73) ~[junit-platform-engine-1.10.5.jar:1.10.5]
	at org.junit.platform.engine.support.hierarchical.NodeTestTask.lambda$executeRecursively$8(NodeTestTask.java:146) ~[junit-platform-engine-1.10.5.jar:1.10.5]
	at org.junit.platform.engine.support.hierarchical.Node.around(Node.java:137) ~[junit-platform-engine-1.10.5.jar:1.10.5]
	at org.junit.platform.engine.support.hierarchical.NodeTestTask.lambda$executeRecursively$9(NodeTestTask.java:144) ~[junit-platform-engine-1.10.5.jar:1.10.5]
	at org.junit.platform.engine.support.hierarchical.ThrowableCollector.execute(ThrowableCollector.java:73) ~[junit-platform-engine-1.10.5.jar:1.10.5]
	at org.junit.platform.engine.support.hierarchical.NodeTestTask.executeRecursively(NodeTestTask.java:143) ~[junit-platform-engine-1.10.5.jar:1.10.5]
	at org.junit.platform.engine.support.hierarchical.NodeTestTask.execute(NodeTestTask.java:100) ~[junit-platform-engine-1.10.5.jar:1.10.5]
	at org.junit.platform.engine.support.hierarchical.SameThreadHierarchicalTestExecutorService.submit(SameThreadHierarchicalTestExecutorService.java:35) ~[junit-platform-engine-1.10.5.jar:1.10.5]
	at org.junit.platform.engine.support.hierarchical.HierarchicalTestExecutor.execute(HierarchicalTestExecutor.java:57) ~[junit-platform-engine-1.10.5.jar:1.10.5]
	at org.junit.platform.engine.support.hierarchical.HierarchicalTestEngine.execute(HierarchicalTestEngine.java:54) ~[junit-platform-engine-1.10.5.jar:1.10.5]
	at org.junit.platform.launcher.core.EngineExecutionOrchestrator.execute(EngineExecutionOrchestrator.java:198) ~[junit-platform-launcher-1.10.5.jar:1.10.5]
	at org.junit.platform.launcher.core.EngineExecutionOrchestrator.execute(EngineExecutionOrchestrator.java:169) ~[junit-platform-launcher-1.10.5.jar:1.10.5]
	at org.junit.platform.launcher.core.EngineExecutionOrchestrator.execute(EngineExecutionOrchestrator.java:93) ~[junit-platform-launcher-1.10.5.jar:1.10.5]
	at org.junit.platform.launcher.core.EngineExecutionOrchestrator.lambda$execute$0(EngineExecutionOrchestrator.java:58) ~[junit-platform-launcher-1.10.5.jar:1.10.5]
	at org.junit.platform.launcher.core.EngineExecutionOrchestrator.withInterceptedStreams(EngineExecutionOrchestrator.java:141) ~[junit-platform-launcher-1.10.5.jar:1.10.5]
	at org.junit.platform.launcher.core.EngineExecutionOrchestrator.execute(EngineExecutionOrchestrator.java:57) ~[junit-platform-launcher-1.10.5.jar:1.10.5]
	at org.junit.platform.launcher.core.DefaultLauncher.execute(DefaultLauncher.java:103) ~[junit-platform-launcher-1.10.5.jar:1.10.5]
	at org.junit.platform.launcher.core.DefaultLauncher.execute(DefaultLauncher.java:85) ~[junit-platform-launcher-1.10.5.jar:1.10.5]
	at org.junit.platform.launcher.core.DelegatingLauncher.execute(DelegatingLauncher.java:47) ~[junit-platform-launcher-1.10.5.jar:1.10.5]
	at org.apache.maven.surefire.junitplatform.LazyLauncher.execute(LazyLauncher.java:56) ~[surefire-junit-platform-3.2.5.jar:3.2.5]
	at org.apache.maven.surefire.junitplatform.JUnitPlatformProvider.execute(JUnitPlatformProvider.java:184) ~[surefire-junit-platform-3.2.5.jar:3.2.5]
	at org.apache.maven.surefire.junitplatform.JUnitPlatformProvider.invokeAllTests(JUnitPlatformProvider.java:148) ~[surefire-junit-platform-3.2.5.jar:3.2.5]
	at org.apache.maven.surefire.junitplatform.JUnitPlatformProvider.invoke(JUnitPlatformProvider.java:122) ~[surefire-junit-platform-3.2.5.jar:3.2.5]
	at org.apache.maven.surefire.booter.ForkedBooter.runSuitesInProcess(ForkedBooter.java:385) ~[surefire-booter-3.2.5.jar:3.2.5]
	at org.apache.maven.surefire.booter.ForkedBooter.execute(ForkedBooter.java:162) ~[surefire-booter-3.2.5.jar:3.2.5]
	at org.apache.maven.surefire.booter.ForkedBooter.run(ForkedBooter.java:507) ~[surefire-booter-3.2.5.jar:3.2.5]
	at org.apache.maven.surefire.booter.ForkedBooter.main(ForkedBooter.java:495) ~[surefire-booter-3.2.5.jar:3.2.5]

[INFO] Tests run: 3, Failures: 0, Errors: 0, Skipped: 0, Time elapsed: 0.060 s -- in com.sparta.tdd.test.coffeeshop.controller.UserControllerTest
[INFO] Running com.sparta.tdd.test.coffeeshop.service.MenuServiceTest
[INFO] Tests run: 7, Failures: 0, Errors: 0, Skipped: 0, Time elapsed: 0.393 s -- in com.sparta.tdd.test.coffeeshop.service.MenuServiceTest
[INFO] Running com.sparta.tdd.test.coffeeshop.service.OrderServiceTest
[INFO] Tests run: 1, Failures: 0, Errors: 0, Skipped: 0, Time elapsed: 0.131 s -- in com.sparta.tdd.test.coffeeshop.service.OrderServiceTest
[INFO] Running com.sparta.tdd.test.coffeeshop.service.UserServiceTest
Concurrent Test: Final point for concurrentUser: 1000
[INFO] Tests run: 4, Failures: 0, Errors: 0, Skipped: 0, Time elapsed: 0.028 s -- in com.sparta.tdd.test.coffeeshop.service.UserServiceTest
[INFO] 
[INFO] Results:
[INFO] 
[ERROR] Failures: 
[ERROR]   MenuControllerTest.getPopularMenus_FewerThan3Menus:201 JSON path "$.length()" expected:<2> but was:<0>
[ERROR]   MenuControllerTest.getPopularMenus_Success:142 JSON path "$.length()" expected:<3> but was:<0>
[INFO] 
[ERROR] Tests run: 22, Failures: 2, Errors: 0, Skipped: 0
[INFO] 
[INFO] ------------------------------------------------------------------------
[INFO] BUILD FAILURE
[INFO] ------------------------------------------------------------------------
[INFO] Total time:  12.171 s
[INFO] Finished at: 2025-06-22T16:33:15+09:00
[INFO] ------------------------------------------------------------------------
[ERROR] Failed to execute goal org.apache.maven.plugins:maven-surefire-plugin:3.2.5:test (default-test) on project coffee-order-system: There are test failures.
[ERROR] 
[ERROR] Please refer to D:\eodnjsdl\sparta99\TDD\workspace\coffee-order-system\target\surefire-reports for the individual test results.
[ERROR] Please refer to dump files (if any exist) [date].dump, [date]-jvmRun[N].dump and [date].dumpstream.
[ERROR] -> [Help 1]
[ERROR] 
[ERROR] To see the full stack trace of the errors, re-run Maven with the -e switch.
[ERROR] Re-run Maven using the -X switch to enable full debug logging.
[ERROR] 
[ERROR] For more information about the errors and possible solutions, please read the following articles:
[ERROR] [Help 1] http://cwiki.apache.org/confluence/display/MAVEN/MojoFailureException
